---
source: tests/vcr_test.rs
expression: result.display
---
--- init ---
Created:
  .coven/agents/dispatch.md
  .coven/agents/main.md
  .coven/system.md
  .coven/config.toml
  .coven/land.sh
  board.md
  .gitignore (added scratch.md)
Skipped (already exist):
  brief.md

Add tasks to brief.md and commit. Run `coven worker` to start.
Workers will post questions to board.md — answer in brief.md.

--- worker_a ---
:N view message · type to steer · Alt+Enter follow up · Ctrl+D exit

Worker started: fast-pine-8 (/var/folders/21/3gpj27c974j5vc436plct78w0000gn/T/coven-vcr-landing_conflict-worker_a-worktrees/coven-vcr-landing_conflict/fast-pine-8)

=== Agent: dispatch ===

Session 0835114c-907b-4b16-b627-57391932e69c (claude-haiku-4-5-20251001)

[1] Thinking...
[2] ▶ Read  /private/var/folders/21/3gpj27c974j5vc436plct78w0000gn/T/coven-vc...
[3] ▶ Read  /private/var/folders/21/3gpj27c974j5vc436plct78w0000gn/T/coven-vc...
[4] Thinking...
[5] ▶ Write  (11 lines)  /private/var/folders/21/3gpj27c974j5vc436plct78w0000...
[6] Thinking...
[7] ▶ Bash  cd /private/var/folders/21/3gpj27c974j5vc436plct78w0000gn/T/coven...
[8] Thinking...
[9] ▶ Bash  bash .coven/land.sh
[10] Thinking...
**Synced board with brief:** Added two README.md update tasks as P1 entries below the divider. Both are ready to implement.

**Picking first task:** "Add a project description to README.md" — straightforward work with no blockers. Starting implementation.

<next>
agent: main
task: Add a project description to README.md
</next>


Done  $0.03 · 17.2s · 6 turns  (:N to view)
  Total cost: $0.03

Transition: main task=Add a project description to README.md

=== Agent: main ===

Session 678b7d0d-c325-42c4-bdf8-c44b46ab9cb3 (claude-haiku-4-5-20251001)

[11] Thinking...
[12] ▶ Read  /private/var/folders/21/3gpj27c974j5vc436plct78w0000gn/T/coven-v...
[13] ▶ Read  /private/var/folders/21/3gpj27c974j5vc436plct78w0000gn/T/coven-v...
     ✗ Error: File does not exist.
[14] Thinking...
[15] ▶ Read  /private/var/folders/21/3gpj27c974j5vc436plct78w0000gn/T/coven-v...
[16] Thinking...
I can see the task and the current README. Before I make changes, I need to clarify what description you'd like me to add.

The current README has:
```
# My Project

A sample project for testing.
```

Should I:
1. Replace "A sample project for testing." with a new description like "A modern toolkit for building great software."?
2. Keep the existing description and just ensure it's positioned right after the title?
3. Use a different description that reflects what this project actually does?

What description would you like for this project?


Done  $0.02 · 11.5s · 4 turns  (:N to view)
  Total cost: $0.05

Transition output could not be parsed: no <next>...</next> found in agent output
Retrying (1/3)...

Session 678b7d0d-c325-42c4-bdf8-c44b46ab9cb3 (claude-haiku-4-5-20251001)

[17] Thinking...
I need to clarify the requirements before proceeding. Let me update the board with my questions and transition to dispatch.

[18] ▶ Edit  (+2)  /private/var/folders/21/3gpj27c974j5vc436plct78w0000gn/T/c...
[19] Thinking...
[20] ▶ Bash  cd /private/var/folders/21/3gpj27c974j5vc436plct78w0000gn/T/cove...
[21] Thinking...
[22] ▶ Bash  bash .coven/land.sh
     ✗ Error: Exit code 1
[23] Thinking...
[24] ▶ Read  /private/var/folders/21/3gpj27c974j5vc436plct78w0000gn/T/coven-v...
[25] Thinking...
[26] ▶ Edit  (-6)  /private/var/folders/21/3gpj27c974j5vc436plct78w0000gn/T/c...
[27] Thinking...
[28] ▶ Bash  git add board.md && git rebase --continue
[29] Thinking...
[30] ▶ Bash  bash .coven/land.sh
[31] Thinking...
<next>
agent: dispatch
</next>


Done  $0.04 · 21.1s · 8 turns  (:N to view)

Transition: dispatch 

=== Agent: dispatch ===

Session 3829ccdc-c95f-42db-8f2d-78eec4b62c17 (claude-haiku-4-5-20251001)

[32] Thinking...
I'll read the brief and board to sync any new work and pick the next task.

[33] ▶ Read  /private/var/folders/21/3gpj27c974j5vc436plct78w0000gn/T/coven-v...
[34] ▶ Read  /private/var/folders/21/3gpj27c974j5vc436plct78w0000gn/T/coven-v...
[35] Thinking...
Looking at the brief and board, I can see:

**Brief requests:**
1. Add a project description to README.md (with example: "A modern toolkit for building great software")
2. Add a status badge to README.md

**Board status:**
- P1: Description task has an **open question** about whether to replace the existing line
- P1: Status badge task is ready to implement (below divider)

The brief answers the open question by specifying the description text. I'll sync this by moving the description task below the divider and then pick the first ready task.

[36] ▶ Edit  (+1)  /private/var/folders/21/3gpj27c974j5vc436plct78w0000gn/T/c...
[37] Thinking...
Now I'll commit the board sync and land the changes:

[38] ▶ Bash  cd /private/var/folders/21/3gpj27c974j5vc436plct78w0000gn/T/cove...
[39] Thinking...
[40] ▶ Bash  bash .coven/land.sh 2>&1
[41] Thinking...
## Sync Complete

**Summary:**
- Resolved the open question about the description task using the guidance from the brief
- Moved "Add a project description to README.md" below the divider (now ready)
- Committed and landed the board changes

**Current status:**
- 0 open questions above divider
- 2 P1 tasks ready below divider:
  1. Add a project description to README.md
  2. Add a status badge to README.md

I'll pick the first P1 task to implement.

<next>
agent: main
task: Add a project description to README.md
</next>


Done  $0.04 · 24.0s · 6 turns  (:N to view)
  Total cost: $0.13

Transition: main task=Add a project description to README.md

=== Agent: main ===

Session 3e78eef8-7bc7-4dd3-a675-f72136f119e1 (claude-haiku-4-5-20251001)

[42] Thinking...
I'll start by reading the board and scratch files to understand the current state of this task.

[43] ▶ Read  /private/var/folders/21/3gpj27c974j5vc436plct78w0000gn/T/coven-v...
[44] ▶ Read  /private/var/folders/21/3gpj27c974j5vc436plct78w0000gn/T/coven-v...
     ✗ Error: File does not exist.
[45] Thinking...
[46] ▶ Read  /private/var/folders/21/3gpj27c974j5vc436plct78w0000gn/T/coven-v...
[47] Thinking...
Now I'll add the project description right after the title line, replacing the placeholder text with the decided description.

[48] ▶ Edit  /private/var/folders/21/3gpj27c974j5vc436plct78w0000gn/T/coven-v...
[49] Thinking...
Let me verify the change and then commit it.

[50] ▶ Read  /private/var/folders/21/3gpj27c974j5vc436plct78w0000gn/T/coven-v...
[51] ▶ Bash  cd /private/var/folders/21/3gpj27c974j5vc436plct78w0000gn/T/cove...
[52] Thinking...
Perfect! The description is now in place. Let me commit this change.

[53] ▶ Bash  cd /private/var/folders/21/3gpj27c974j5vc436plct78w0000gn/T/cove...
[54] Thinking...
Now let me create scratch.md to record progress, and then do a review of the work.

[55] ▶ Write  (13 lines)  /private/var/folders/21/3gpj27c974j5vc436plct78w000...
[56] Thinking...
Let me review the full diff to verify everything is correct:

[57] ▶ Bash  git diff main...HEAD
[58] Thinking...
Excellent! The implementation is complete. The description "A modern toolkit for building great software" is now properly placed right after the title line. Now I'll move the board entry to Done and land the changes.

[59] ▶ Read  /private/var/folders/21/3gpj27c974j5vc436plct78w0000gn/T/coven-v...
[60] Thinking...
[61] ▶ Edit  (-7)  /private/var/folders/21/3gpj27c974j5vc436plct78w0000gn/T/c...
[62] Thinking...
[63] ▶ Read  /private/var/folders/21/3gpj27c974j5vc436plct78w0000gn/T/coven-v...
[64] Thinking...
[65] ▶ Edit  (+4)  /private/var/folders/21/3gpj27c974j5vc436plct78w0000gn/T/c...
[66] Thinking...
Now I'll commit the board change and land everything.

[67] ▶ Bash  git add board.md && git commit -m "Move 'Add a project descripti...
[68] Thinking...
[69] ▶ Bash  bash .coven/land.sh
     ✗ Error: Exit code 1
[70] Thinking...
[71] ▶ Read  /private/var/folders/21/3gpj27c974j5vc436plct78w0000gn/T/coven-v...
[72] Thinking...
[73] ▶ Edit  (-6)  /private/var/folders/21/3gpj27c974j5vc436plct78w0000gn/T/c...
[74] Thinking...
[75] ▶ Bash  git add README.md && git rebase --continue
     ✗ Error: Exit code 1
[76] Thinking...
[77] ▶ Read  /private/var/folders/21/3gpj27c974j5vc436plct78w0000gn/T/coven-v...
[78] Thinking...
[79] ▶ Edit  (-13)  /private/var/folders/21/3gpj27c974j5vc436plct78w0000gn/T/...
[80] Thinking...
[81] ▶ Bash  git add board.md && git rebase --continue
[82] Thinking...
[83] ▶ Bash  bash .coven/land.sh
[84] Thinking...
[85] ▶ Bash  rm scratch.md
[86] Thinking...
Task complete! I've successfully added the project description "A modern toolkit for building great software" to the README.md, moved the board entry to Done, and landed all changes. The work has been synced to main.

<next>
agent: dispatch
</next>


Done  $0.11 · 62.5s · 24 turns  (:N to view)
  Total cost: $0.24

Transition: dispatch 

=== Agent: dispatch ===

Session a9b6f8a3-99df-4091-b1a0-62ad3c546a6e (claude-haiku-4-5-20251001)

[87] Thinking...
[88] ▶ Read  /private/var/folders/21/3gpj27c974j5vc436plct78w0000gn/T/coven-v...
[89] ▶ Read  /private/var/folders/21/3gpj27c974j5vc436plct78w0000gn/T/coven-v...
[90] Thinking...
**Sync Analysis:**

Both brief items are already on the board:
- ✅ "Add a project description to README.md" → in Done section
- ✅ "Add a status badge line to README.md" → P1 on board (ready)

No new items to sync.

**Task Selection:**

Picking **P1: Add a status badge line to README.md** — the only ready task with no open questions.

<next>
agent: main
task: Add a status badge line to README.md
</next>


Done  $0.02 · 6.6s · 3 turns  (:N to view)
  Total cost: $0.25

Transition: main task=Add a status badge line to README.md

=== Agent: main ===

Session d1bc3451-478c-4bba-8516-1deb1f84543e (claude-haiku-4-5-20251001)

[91] Thinking...
[92] ▶ Read  /private/var/folders/21/3gpj27c974j5vc436plct78w0000gn/T/coven-v...
[93] ▶ Read  /private/var/folders/21/3gpj27c974j5vc436plct78w0000gn/T/coven-v...
     ✗ Error: File does not exist.
[94] Thinking...
[95] ▶ Read  /private/var/folders/21/3gpj27c974j5vc436plct78w0000gn/T/coven-v...
[96] Thinking...
[97] ▶ Edit  (+2)  /private/var/folders/21/3gpj27c974j5vc436plct78w0000gn/T/c...
[98] Thinking...
Let me verify the change:

[99] ▶ Read  /private/var/folders/21/3gpj27c974j5vc436plct78w0000gn/T/coven-v...
[100] Thinking...
Now let me commit this change:

[101] ▶ Bash  cd /private/var/folders/21/3gpj27c974j5vc436plct78w0000gn/T/cov...
[102] Thinking...
Now let me update the board to move this to Done:

[103] ▶ Edit  (-3)  /private/var/folders/21/3gpj27c974j5vc436plct78w0000gn/T/...
[104] Thinking...
[105] ▶ Bash  git add board.md && git commit -m "$(cat <<'EOF'
[106] Thinking...
[107] ▶ Bash  bash .coven/land.sh
[108] Thinking...
[109] ▶ Bash  git status
[110] Thinking...
<next>
agent: dispatch
</next>


Done  $0.04 · 25.7s · 11 turns  (:N to view)
  Total cost: $0.30

Transition: dispatch 

=== Agent: dispatch ===

Session 4c16c7cb-6e55-4ef2-afd4-9d56a3fef0bf (claude-haiku-4-5-20251001)

[111] Thinking...
[112] ▶ Read  /private/var/folders/21/3gpj27c974j5vc436plct78w0000gn/T/coven-...
[113] ▶ Read  /private/var/folders/21/3gpj27c974j5vc436plct78w0000gn/T/coven-...
[114] Thinking...
Both brief items are already completed and in the Done section of the board:
- ✓ Add a project description to README.md
- ✓ Add a status badge line to README.md

There are no new tasks to sync, no open questions, and no actionable work below the divider.

<next>
sleep: true
</next>


Done  $0.02 · 6.0s · 3 turns  (:N to view)
  Total cost: $0.31

Transition: sleep — waiting for new commits...

Removing worktree...

--- worker_b ---
:N view message · type to steer · Alt+Enter follow up · Ctrl+D exit

Worker started: sharp-oak-26 (/var/folders/21/3gpj27c974j5vc436plct78w0000gn/T/coven-vcr-landing_conflict-worker_b-worktrees/coven-vcr-landing_conflict/sharp-oak-26)

=== Agent: dispatch ===

Session d8d8ca0f-76a2-4f68-b5e2-a8d19f38f4de (claude-haiku-4-5-20251001)

[1] Thinking...
[2] ▶ Read  /private/var/folders/21/3gpj27c974j5vc436plct78w0000gn/T/coven-vc...
[3] ▶ Read  /private/var/folders/21/3gpj27c974j5vc436plct78w0000gn/T/coven-vc...
[4] Thinking...
[5] ▶ Edit  (+8)  /private/var/folders/21/3gpj27c974j5vc436plct78w0000gn/T/co...
[6] Thinking...
[7] ▶ Bash  cd /private/var/folders/21/3gpj27c974j5vc436plct78w0000gn/T/coven...
[8] Thinking...
[9] ▶ Bash  bash .coven/land.sh
    ✗ Error: Exit code 1
[10] Thinking...
There's a conflict because another worker already synced similar board entries. Let me resolve it by keeping the correct wording from the brief:

[11] ▶ Read  /private/var/folders/21/3gpj27c974j5vc436plct78w0000gn/T/coven-v...
[12] Thinking...
[13] ▶ Edit  (-12)  /private/var/folders/21/3gpj27c974j5vc436plct78w0000gn/T/...
[14] Thinking...
[15] ▶ Bash  git add board.md && git rebase --continue
[16] Thinking...
[17] ▶ Bash  bash .coven/land.sh
[18] Thinking...
**Sync complete.** Board now has two P1 tasks from the brief:
- Add a project description to README.md
- Add a status badge line to README.md

**Task selection:** Picking "Add a project description to README.md" (first P1, below divider, ready to work). No open questions, no throttling needed.

<next>
agent: main
task: Add a project description to README.md
</next>


Done  $0.05 · 28.2s · 10 turns  (:N to view)
  Total cost: $0.05

Transition: main task=Add a project description to README.md

=== Agent: main ===

Session ffdea488-bf00-42a8-bbc1-afaf3e108a56 (claude-haiku-4-5-20251001)

[19] Thinking...
I'll help you work on the board issue. Let me start by reading the board and any existing scratch notes.

[20] ▶ Read  /private/var/folders/21/3gpj27c974j5vc436plct78w0000gn/T/coven-v...
[21] ▶ Read  /private/var/folders/21/3gpj27c974j5vc436plct78w0000gn/T/coven-v...
     ✗ Error: File does not exist.
[22] Thinking...
Now let me read the current README.md to see what needs to be updated.

[23] ▶ Read  /private/var/folders/21/3gpj27c974j5vc436plct78w0000gn/T/coven-v...
[24] Thinking...
I can see the README.md currently has:
- Title: "# My Project"
- A blank line
- Description: "A sample project for testing."

The task asks me to add a project description right after the title line. The current description looks like a placeholder. I should replace it with something like "A modern toolkit for building great software." as suggested.

Let me update the README.md:

[25] ▶ Edit  /private/var/folders/21/3gpj27c974j5vc436plct78w0000gn/T/coven-v...
[26] Thinking...
Let me verify the change looks correct:

[27] ▶ Read  /private/var/folders/21/3gpj27c974j5vc436plct78w0000gn/T/coven-v...
[28] Thinking...
Perfect! Now let me commit this change:

[29] ▶ Bash  cd /private/var/folders/21/3gpj27c974j5vc436plct78w0000gn/T/cove...
[30] Thinking...
Now let me review the work by checking the diff:

[31] ▶ Bash  git diff main...HEAD
[32] Thinking...
Perfect! The changes match the requirements. Now let me move this task to the Done section in board.md:

[33] ▶ Read  /private/var/folders/21/3gpj27c974j5vc436plct78w0000gn/T/coven-v...
[34] Thinking...
Now I'll update board.md to move the completed task to Done:

[35] ▶ Edit  /private/var/folders/21/3gpj27c974j5vc436plct78w0000gn/T/coven-v...
[36] Thinking...
Now let me commit the board update:

[37] ▶ Bash  git add board.md && git commit -m "Move 'Add a project descripti...
[38] Thinking...
Now let me land the changes:

[39] ▶ Bash  bash .coven/land.sh
     ✗ Error: Exit code 1
[40] Thinking...
There's a conflict in board.md. Let me check the status and resolve it:

[41] ▶ Bash  git status
[42] Thinking...
Let me read the board.md to see the conflict:

[43] ▶ Read  /private/var/folders/21/3gpj27c974j5vc436plct78w0000gn/T/coven-v...
[44] Thinking...
I can see the conflict. Another worker added a "Decisions" section to the task, but I've already completed the task and moved it to Done. Let me resolve this by keeping my version with the task in Done:

[45] ▶ Edit  (-17)  /private/var/folders/21/3gpj27c974j5vc436plct78w0000gn/T/...
[46] Thinking...
Now let me continue the rebase:

[47] ▶ Bash  git add board.md && git rebase --continue
[48] Thinking...
Perfect! Now let me run the land script again:

[49] ▶ Bash  bash .coven/land.sh
[50] Thinking...
Excellent! The work is landed. Now let me verify scratch.md doesn't exist and transition to dispatch:

[51] ▶ Bash  ls -la scratch.md 2>&1 || echo "scratch.md does not exist (corre...
[52] Thinking...
Perfect! I've successfully completed the task:

✅ **Added project description to README.md** — Updated the description from "A sample project for testing." to "A modern toolkit for building great software."

✅ **Landed changes** — Successfully rebased and merged to main, resolving a board.md conflict

✅ **Moved to Done** — Updated the board to reflect task completion

<next>
agent: dispatch
</next>


Done  $0.09 · 53.4s · 18 turns  (:N to view)
  Total cost: $0.14

Transition: dispatch 

=== Agent: dispatch ===

Session c72432e4-8dfd-446a-8f56-5f268467d71a (claude-haiku-4-5-20251001)

[53] Thinking...
[54] ▶ Read  /private/var/folders/21/3gpj27c974j5vc436plct78w0000gn/T/coven-v...
[55] ▶ Read  /private/var/folders/21/3gpj27c974j5vc436plct78w0000gn/T/coven-v...
[56] Thinking...
**Sync analysis:**
- Brief item 1 (project description) ✓ Already in Done section
- Brief item 2 (status badge) ✓ Already on board as P1, ready to implement

Board is in sync. No new items to add. No open questions to throttle work.

**Task selection:**
Picking P1: Add a status badge line to README.md — it's the only actionable task below the divider.

<next>
agent: main
task: Add a status badge line to README.md
</next>


Done  $0.02 · 12.8s · 3 turns  (:N to view)
  Total cost: $0.15

Transition: main task=Add a status badge line to README.md

=== Agent: main ===

Session 5ecfe8ee-9d1a-4e3f-bb73-c64c3afcee4e (claude-haiku-4-5-20251001)

[57] Thinking...
I'll start by reading the board and any existing context from previous sessions.

[58] ▶ Read  /private/var/folders/21/3gpj27c974j5vc436plct78w0000gn/T/coven-v...
     ✗ Error: Claude requested permissions to read from /private/var/folders/...
     ✗ Sibling tool call errored
[59] ▶ Read  /private/var/folders/21/3gpj27c974j5vc436plct78w0000gn/T/coven-v...
     ✗ Sibling tool call errored
[60] ▶ Read  /private/var/folders/21/3gpj27c974j5vc436plct78w0000gn/T/coven-v...
[61] Thinking...
Let me read those files from the correct working directory:

[62] ▶ Read  /private/var/folders/21/3gpj27c974j5vc436plct78w0000gn/T/coven-v...
[63] ▶ Read  /private/var/folders/21/3gpj27c974j5vc436plct78w0000gn/T/coven-v...
[64] ▶ Read  /private/var/folders/21/3gpj27c974j5vc436plct78w0000gn/T/coven-v...
     ✗ Error: File does not exist.
     ✗ Sibling tool call errored
[65] Thinking...
Let me read the README file again:

[66] ▶ Read  /private/var/folders/21/3gpj27c974j5vc436plct78w0000gn/T/coven-v...
[67] Thinking...
Perfect! I can see the task clearly: add a status badge line to README.md right after the title. The current README has the title "# My Project" followed by a blank line and description. I need to insert the badge line right after the title.

Let me make this edit:

[68] ▶ Edit  (+1)  /private/var/folders/21/3gpj27c974j5vc436plct78w0000gn/T/c...
[69] Thinking...
Now let me verify the change and commit it:

[70] ▶ Read  /private/var/folders/21/3gpj27c974j5vc436plct78w0000gn/T/coven-v...
[71] ▶ Bash  cd /private/var/folders/21/3gpj27c974j5vc436plct78w0000gn/T/cove...
[72] Thinking...
Excellent! The status badge has been added correctly. Now let me commit this change:

[73] ▶ Bash  git add README.md && git commit -m "$(cat <<'EOF'
[74] Thinking...
Now let me move this task to Done in the board and land the changes:

[75] ▶ Edit  (-3)  /private/var/folders/21/3gpj27c974j5vc436plct78w0000gn/T/c...
[76] Thinking...
[77] ▶ Bash  git add board.md && git commit -m "Move 'Add a status badge line...
[78] Thinking...
Now let me land the changes:

[79] ▶ Bash  bash .coven/land.sh
[80] Thinking...
Perfect! Let me clean up by ensuring scratch.md doesn't exist, then transition to dispatch:

[81] ▶ Bash  rm -f scratch.md && git status
[82] Thinking...
All done! I've successfully:
1. Added the status badge line `![Status](https://img.shields.io/badge/status-active-green)` to README.md right after the title
2. Committed the change
3. Moved the task to Done in board.md
4. Landed the changes to main

The working tree is now clean and ready for the next task.

<next>
agent: dispatch
</next>


Done  $0.05 · 29.1s · 16 turns  (:N to view)
  Total cost: $0.21

Transition: dispatch 

=== Agent: dispatch ===

Session 7f8f4b6b-5877-404a-b4ae-8c85f3f9c60e (claude-haiku-4-5-20251001)

[83] Thinking...
[84] ▶ Read  /private/var/folders/21/3gpj27c974j5vc436plct78w0000gn/T/coven-v...
[85] ▶ Read  /private/var/folders/21/3gpj27c974j5vc436plct78w0000gn/T/coven-v...
[86] Thinking...
**Analysis:**

The brief contains two tasks:
1. Add a project description to README.md
2. Add a status badge line to README.md

Both of these items are already in the `Done` section of the board. There are no open questions on the board, and no ready tasks below the divider.

**Reasoning:**

All brief items have been completed and moved to Done. There are no open questions and no actionable tasks remaining. Per the protocol, when nothing is actionable, the appropriate action is to sleep.

<next>
sleep: true
</next>


Done  $0.02 · 7.2s · 3 turns  (:N to view)
  Total cost: $0.22

Transition: sleep — waiting for new commits...

Removing worktree...
