---
source: tests/vcr_test.rs
expression: result.display
---
--- init ---
Created:
  .coven/agents/dispatch.md
  .coven/agents/plan.md
  .coven/agents/implement.md
  .coven/agents/land.md
  .coven/workflow.md
  .coven/land.sh
  review/
Skipped (already exist):
  issues/

Add a reference to .coven/workflow.md in CLAUDE.md? [Y/n] Created CLAUDE.md with workflow reference.

--- worker ---
:N view message · type to steer · Alt+Enter follow up · Ctrl+D exit

Worker started: cool-canyon-51 (/var/folders/21/3gpj27c974j5vc436plct78w0000gn/T/coven-vcr-plan_ambiguous_issue-worker-worktrees/coven-vcr-plan_ambiguous_issue/cool-canyon-51)

=== Agent: dispatch ===

Session 2b30eb7d-ec6d-440a-b89e-8b564f1afcbe (claude-haiku-4-5-20251001)

[1] Thinking...
I'll check the current state of issues and the worktree to decide what to do next.

[2] ▶ Bash  head -7 issues/*.md review/*.md 2>/dev/null || true
[3] ▶ Bash  git status
[4] ▶ Bash  git log --oneline main..HEAD
[5] Thinking...
[6] ▶ Bash  ls -la issues/ 2>/dev/null || echo "No issues directory"
[7] Thinking...
[8] ▶ Read  /private/var/folders/21/3gpj27c974j5vc436plct78w0000gn/T/coven-vc...
[9] Thinking...
## Summary

I found one issue to process:

- **improve-error-handling.md** — state: `new`, priority: `P1`

The worktree is clean and not ahead of main. Since this issue is in `new` state, it needs planning.

## Routing

I'm assigning the `plan` agent to write a plan for the "Improve error handling" issue.

<next>
agent: plan
issue: issues/improve-error-handling.md
</next>


Done  $0.02 · 12.9s · 6 turns  (:N to view)
  Total cost: $0.02

Transition: plan issue=issues/improve-error-handling.md

=== Agent: plan ===

Session 47b4f121-1f8d-4133-b31a-cfb60c9ff0c4 (claude-haiku-4-5-20251001)

[10] Thinking...
I'll help you write an implementation plan for the error handling improvement issue. Let me start by reading the issue file and exploring the codebase.

[11] ▶ Read  /private/var/folders/21/3gpj27c974j5vc436plct78w0000gn/T/coven-v...
[12] Thinking...
Let me explore the codebase structure to understand the project better.

[13] ▶ Bash  find /private/var/folders/21/3gpj27c974j5vc436plct78w0000gn/T/co...
[14] Thinking...
[15] ▶ Read  /private/var/folders/21/3gpj27c974j5vc436plct78w0000gn/T/coven-v...
[16] ▶ Read  /private/var/folders/21/3gpj27c974j5vc436plct78w0000gn/T/coven-v...
[17] ▶ Bash  ls -la /private/var/folders/21/3gpj27c974j5vc436plct78w0000gn/T/...
[18] Thinking...
Now let me check if there are any other relevant files in the project:

[19] ▶ Bash  find /private/var/folders/21/3gpj27c974j5vc436plct78w0000gn/T/co...
[20] Thinking...
Now I have enough context. The project is a simple Python application that reads data from stdin and converts it to uppercase. The issue is about improving error handling, but it's ambiguous about what specific improvements are needed. Let me write a plan and surface the ambiguities as questions.

[21] ▶ Edit  (+42)  /private/var/folders/21/3gpj27c974j5vc436plct78w0000gn/T/...
[22] Thinking...
Now I'll update the frontmatter and move the file to review:

[23] ▶ Edit  /private/var/folders/21/3gpj27c974j5vc436plct78w0000gn/T/coven-v...
[24] Thinking...
[25] ▶ Bash  mv /private/var/folders/21/3gpj27c974j5vc436plct78w0000gn/T/cove...
[26] Thinking...
[27] ▶ Bash  cd /private/var/folders/21/3gpj27c974j5vc436plct78w0000gn/T/cove...
[28] Thinking...
[29] ▶ Bash  cd /private/var/folders/21/3gpj27c974j5vc436plct78w0000gn/T/cove...
[30] Thinking...
Perfect! I've completed the planning for the error handling improvement issue. Here's what I did:

**Plan Summary:**
- **Added structured error handling** with try-except blocks for stdin reading, processing, and output operations
- **User-friendly error messages** for each type of error (input, processing, output, unexpected)
- **Appropriate exit codes** (0-4) to indicate different error types
- **Tests** for error scenarios

**Questions Surface:**
Since the original issue was ambiguous, I added a Questions section asking for clarification on:
1. Whether to validate input or only handle runtime errors
2. Error message verbosity preferences
3. Logging approach
4. Specific error scenarios that have been problematic

The plan is now in `review/improve-error-handling.md` and ready for human review and approval.

<next>
agent: dispatch
</next>


Done  $0.06 · 38.3s · 12 turns  (:N to view)
  Total cost: $0.09

Transition: dispatch 

=== Agent: dispatch ===

Session 97ab2d99-460c-428e-8dfd-c73920ff2582 (claude-haiku-4-5-20251001)

[31] Thinking...
I'll check the current issues and worktree state to decide what to assign next.

[32] ▶ Bash  head -7 issues/*.md review/*.md 2>/dev/null || true
[33] ▶ Bash  git status
[34] Thinking...
[35] ▶ Bash  ls -la issues/ review/ 2>/dev/null || echo "No issues or review ...
[36] Thinking...
[37] ▶ Read  /private/var/folders/21/3gpj27c974j5vc436plct78w0000gn/T/coven-v...
[38] Thinking...
**Current State:**
- **Worktree**: Clean, no uncommitted changes
- **Issues**: 
  - `review/improve-error-handling.md` — Plan waiting for human review (P1)
  - No issues in `issues/` directory to plan or implement
  
**Reasoning:**
The plan in review cannot be assigned according to routing rules (review items stay with the human reviewer). There are no new issues to plan, no approved issues to implement, and no worktree conflicts. Per dispatch preferences, when nothing is plannable or implementable, the worker should sleep.

<next>
sleep: true
</next>


Done  $0.02 · 15.0s · 5 turns  (:N to view)
  Total cost: $0.11

Transition: sleep — waiting for new commits...

Removing worktree...
