---
source: tests/vcr_test.rs
expression: result.display
---
--- init ---
Created:
  .coven/agents/dispatch.md
  .coven/agents/plan.md
  .coven/agents/implement.md
  .coven/agents/land.md
  .coven/workflow.md
  .coven/land.sh
  review/
Skipped (already exist):
  issues/

Add a reference to .coven/workflow.md in CLAUDE.md? [Y/n] Created CLAUDE.md with workflow reference.

--- worker ---
:N view message · type to steer · Alt+Enter follow up · Ctrl+D exit

Worker started: neat-canyon-55 (/tmp/coven-vcr-plan_ambiguous_issue-worker-worktrees/coven-vcr-plan_ambiguous_issue/neat-canyon-55)

=== Agent: dispatch ===

Session f8ef72f7-a5b9-4a6d-a01a-b59c371e0c66 (claude-haiku-4-5-20251001)

[1] Thinking...
I'll check the current state of issues and the worktree, then dispatch appropriately.

[2] ▶ Bash  cd /tmp/coven-vcr-plan_ambiguous_issue-worker-worktrees/coven-vcr...
[3] ▶ Bash  cd /tmp/coven-vcr-plan_ambiguous_issue-worker-worktrees/coven-vcr...
[4] Thinking...
**Status:** The worktree is clean and on branch neat-canyon-55. There is one issue that needs attention.

**Issue found:**
- `issues/improve-error-handling.md` — **P1, state: new** — Needs planning

**Decision:** Route to the `plan` agent to write a plan for improving error handling.

<next>
agent: plan
issue: issues/improve-error-handling.md
</next>


Done  $0.02 · 7.8s · 3 turns  (:N to view)
  Total cost: $0.02

Transition: plan issue=issues/improve-error-handling.md

=== Agent: plan ===

Session 7f7ef510-d1ad-4804-87a0-f30bcd65139d (claude-haiku-4-5-20251001)

[5] Thinking...
I'll help you write an implementation plan for the error handling improvement issue. Let me start by reading the issue file and exploring the codebase.

[6] ▶ Read  /tmp/coven-vcr-plan_ambiguous_issue-worker-worktrees/coven-vcr-pl...
[7] ▶ Glob  **/*.{js,ts,py,java,go,rb,rs,c,cpp,h,hpp}
[8] Thinking...
[9] ▶ Read  /tmp/coven-vcr-plan_ambiguous_issue-worker-worktrees/coven-vcr-pl...
[10] ▶ Read  /tmp/coven-vcr-plan_ambiguous_issue-worker-worktrees/coven-vcr-p...
[11] Thinking...
[12] ▶ Glob  **/*
[13] Thinking...
Now I'll write a plan for improving error handling. The issue is quite vague, so I'll add specific questions to clarify requirements.

[14] ▶ Edit  (+44)  /tmp/coven-vcr-plan_ambiguous_issue-worker-worktrees/cove...
[15] Thinking...
Now I'll move the file to review and commit the changes:

[16] ▶ Bash  cd /tmp/coven-vcr-plan_ambiguous_issue-worker-worktrees/coven-vc...
[17] Thinking...
[18] ▶ Bash  cd /tmp/coven-vcr-plan_ambiguous_issue-worker-worktrees/coven-vc...
[19] Thinking...
[20] ▶ Bash  bash .coven/land.sh
[21] Thinking...
Perfect! I've successfully written and reviewed the plan for improving error handling. Here's what I did:

## Summary

**Plan Written**: I created a comprehensive plan that addresses the vague issue by identifying specific improvements needed:
- Add exception handling in the `main()` function for I/O and processing errors
- Validate input with descriptive error messages
- Add test coverage for error scenarios
- Use standard exit codes

**Questions Added**: Since the issue was ambiguous, I added four clarifying questions to help the human approve the right approach:
1. Error message format preference
2. Priority of which error scenarios to handle
3. Exit code strategy
4. Logging framework preference

**File Moved**: Moved `improve-error-handling.md` from `issues/` to `review/`

**Committed**: Changes landed on main with a descriptive commit message

The plan is now waiting for human review and approval in the `review/` directory.

<next>
agent: dispatch
</next>


Done  $0.04 · 30.1s · 10 turns  (:N to view)
  Total cost: $0.06

Transition: dispatch 

=== Agent: dispatch ===

Session 977cdf8e-0a14-4b16-8f62-b0d74bf048e6 (claude-haiku-4-5-20251001)

[22] Thinking...
[23] ▶ Bash  head -7 issues/*.md review/*.md 2>/dev/null || true
[24] ▶ Bash  git status
[25] Thinking...
**Dispatch Decision:**

The worktree is clean. There is one issue: `review/improve-error-handling.md` (P1), which is awaiting human review. Since:

- No issues are in `new`, `approved`, `changes-requested`, or `needs-replan` states
- The only issue is in `review/` (not actionable by workers)
- The worktree has no commits ahead of main

There is no actionable work. Sleeping until new issues arrive or human feedback is provided.

<next>
sleep: true
</next>


Done  $0.01 · 7.2s · 3 turns  (:N to view)
  Total cost: $0.07

Transition: sleep — waiting for new commits...

Removing worktree...
