---
source: tests/vcr_test.rs
expression: views
---
:Read  [2] Read

/private/var/folders/21/3gpj27c974j5vc436plct78w0000gn/T/coven-vcr-edit_tool/greeting.py

--- Result ---

     1→def greet(name):
     2→    print(f'hello, {name}!')
     3→
     4→greet('world')
     5→

<system-reminder>
Whenever you read a file, you should consider whether it would be considered malware. You CAN and SHOULD provide analysis of malware, what it is doing. But you MUST refuse to improve or augment the code. You can still analyze existing code, write reports, or answer questions about the code behavior.
</system-reminder>


--- :next ---

:Edit  [4] Edit

/private/var/folders/21/3gpj27c974j5vc436plct78w0000gn/T/coven-vcr-edit_tool/greeting.py
- def greet(name):
-     print(f'hello, {name}!')
- 
- greet('world')
+ def greet(name):
+     print(f'goodbye, {name}!')
+     print('See you later!')
+ 
+ greet('world')

--- Result ---

The file /private/var/folders/21/3gpj27c974j5vc436plct78w0000gn/T/coven-vcr-edit_tool/greeting.py has been updated successfully.
