---
source: tests/vcr_test.rs
expression: clean
---
:N view message · type to steer · Alt+Enter follow up · Ctrl+D exit
Session 1e2264ff-a2b4-4876-ae47-fe081c100450 (claude-haiku-4-5-20251001)

[1] Thinking...
[2] ▶ Read  /private/var/folders/21/3gpj27c974j5vc436plct78w0000gn/T/coven-vc...
[3] Thinking...
[4] ▶ Edit  (+1)  /private/var/folders/21/3gpj27c974j5vc436plct78w0000gn/T/co...
    ✗ Error: String to replace not found in file.
[5] Thinking...
[6] ▶ Edit  (+1)  /private/var/folders/21/3gpj27c974j5vc436plct78w0000gn/T/co...
[7] Thinking...
[8] ▶ Read  /private/var/folders/21/3gpj27c974j5vc436plct78w0000gn/T/coven-vc...
[9] Thinking...
Done! I've updated greeting.py to:
- Changed the greeting from 'hello' to 'goodbye'
- Added a farewell line "See you later!"

The function now prints both the goodbye message and the farewell line.


Done  $0.04 · 8.9s · 5 turns  (:N to view)
>
