---
source: tests/vcr_test.rs
expression: result.display
---
:N view message · type to steer · Alt+Enter follow up · Ctrl+D exit
Session 82d0a526-a60b-4c3f-8202-c20ad04fd74b (claude-haiku-4-5-20251001)

[1] Thinking...
Let me read the greeting.py file first.

[2] ▶ Read  /private/var/folders/21/3gpj27c974j5vc436plct78w0000gn/T/coven-vc...
[3] Thinking...
[4] ▶ Edit  (+1)  /private/var/folders/21/3gpj27c974j5vc436plct78w0000gn/T/co...
[5] Thinking...
Done! I've changed the greeting from 'hello' to 'goodbye' and added a farewell line. The greeting function now prints "goodbye, {name}!" followed by "See you later!"


Done  $0.02 · 6.4s · 3 turns  (:N to view)
>
