---
source: tests/vcr_test.rs
expression: views
---
:2  [2] Bash

{
  "command": "ls -la",
  "description": "List files in current directory"
}

--- :next ---

:3  [3] Read

{
  "file_path": "/private/var/folders/21/3gpj27c974j5vc436plct78w0000gn/T/coven-vcr-error_handling"
}

--- Result ---

Sibling tool call errored

--- :next ---

:9  [9] Bash

{
  "command": "bash test.sh",
  "description": "Run the test script"
}

--- Result ---

Error: Exit code 1
Running tests...

--- :next ---

:11  [11] Edit

{
  "file_path": "/private/var/folders/21/3gpj27c974j5vc436plct78w0000gn/T/coven-vcr-error_handling/test.sh",
  "new_string": "#!/bin/bash\necho 'Running tests...'\nexit 0",
  "old_string": "#!/bin/bash\necho 'Running tests...'\nexit 1"
}

--- Result ---

The file /private/var/folders/21/3gpj27c974j5vc436plct78w0000gn/T/coven-vcr-error_handling/test.sh has been updated successfully.
