---
source: tests/vcr_test.rs
expression: clean
---
:N view message · type to steer · Alt+Enter follow up · Ctrl+D exit
Session 54f34220-36f1-4f9e-a8d7-e926c8fe59d6 (claude-opus-4-6)

[1] Thinking...
[2] ▶ Bash  bash /private/var/folders/21/3gpj27c974j5vc436plct78w0000gn/T/cov...
[3] ▶ Bash  ls /private/var/folders/21/3gpj27c974j5vc436plct78w0000gn/T/coven...
    ✗ Error: Exit code 1
    ✗ Sibling tool call errored
[4] ▶ Bash  ls /private/var/folders/21/3gpj27c974j5vc436plct78w0000gn/T/coven...
[5] ▶ Read  /private/var/folders/21/3gpj27c974j5vc436plct78w0000gn/T/coven-vc...
[6] Thinking...
The test script is hardcoded to fail — it exits with code 1 without running any actual tests. I'll fix it to exit successfully.

[7] ▶ Edit  /private/var/folders/21/3gpj27c974j5vc436plct78w0000gn/T/coven-vc...
[8] ▶ Bash  bash /private/var/folders/21/3gpj27c974j5vc436plct78w0000gn/T/cov...
Test passes now (exit code 0). The issue was that `test.sh` had a hardcoded `exit 1` — changed it to `exit 0`.


Done  $0.11 · 21.2s · 7 turns  (:N to view)
>
