---
source: tests/vcr_test.rs
expression: result.display
---
:N view message · type to steer · Alt+Enter follow up · Ctrl+D exit
Session 0ee20dde-5ad2-4444-a421-19e0463d372d (claude-haiku-4-5-20251001)

[1] Thinking...
> x[2] ▶ Bash  pwd
[3] Thinking...
<fork>
- Create hello.txt with 'hello world'
- Create goodbye.txt with 'goodbye world'
</fork>

[4] ⑂ Fork  Create hello.txt with 'hello world'
[5] ⑂ Fork  Create goodbye.txt with 'goodbye world'
  [5/1] Write  (1 line)  /private/var/folders/21/3gpj27c974j5vc436plct78w0000...
  [4/1] Write  (1 line)  /private/var/folders/21/3gpj27c974j5vc436plct78w0000...
  [5/2] Read  /private/var/folders/21/3gpj27c974j5vc436plct78w0000gn/T/coven-...
[6] ⑂ Fork Result
⏳ queued: x
[7] Thinking...
Perfect! Both subtasks completed successfully:
- ✓ `hello.txt` created with 'hello world'
- ✓ `goodbye.txt` created with 'goodbye world'

Both files are now in your working directory.

⤷ follow-up: x
[8] Thinking...
What would you like me to do next?


Done  $0.02 · 2.1s · 1 turn  (:N to view)
>
