---
source: tests/vcr_test.rs
expression: clean
---
:N view message · type to steer · Alt+Enter follow up · Ctrl+D exit
Session 535e97f7-2425-42fd-9a0b-221d42b30156 (claude-opus-4-6)

[1] Thinking...
[2] ▶ Grep  fn main
Found 1 Rust file containing `fn main`:

- `src/main.rs`


Done  $0.05 · 6.2s · 2 turns  (:N to view)
>
