---
source: tests/vcr_test.rs
expression: clean
---
:N view message · type to steer · Alt+Enter follow up · Ctrl+D exit
Session 76c83151-a83d-43c5-88d4-eecd3b9c45cc (claude-opus-4-6)

[1] Thinking...
[2] ▶ llms-fetch-mcp:llms-fetch:fetch  https://docs.rs/tokio
The Tokio docs have been fetched and saved. Let me read the content for you.

[3] ▶ Read  /private/var/folders/21/3gpj27c974j5vc436plct78w0000gn/T/coven-vc...
Here's a summary of the Tokio docs fetched from docs.rs:

**Tokio** is an event-driven, non-blocking I/O platform for writing asynchronous applications in Rust. Its major components are:

### Core Modules
- **`tokio::task`** — Spawning and managing async tasks (`spawn`, `JoinHandle`, `spawn_blocking`)
- **`tokio::sync`** — Channels (`oneshot`, `mpsc`, `watch`, `broadcast`), `Mutex`, `Barrier`
- **`tokio::time`** — Timeouts, sleep, intervals
- **`tokio::net`** — TCP, UDP, Unix sockets
- **`tokio::io`** — `AsyncRead`, `AsyncWrite`, `AsyncBufRead` traits
- **`tokio::fs`** — Async filesystem operations
- **`tokio::signal`** — Async signal handling
- **`tokio::process`** — Async child process management
- **`tokio::runtime`** — Runtime configuration and management

### Key Macros
- `#[tokio::main]` / `#[tokio::test]` — Runtime setup macros
- `select!`, `join!`, `try_join!`, `pin!`, `task_local!`

### Feature Flags
Quick start: `tokio = { version = "1", features = ["full"] }` enables everything. Individual flags: `rt`, `rt-multi-thread`, `io-util`, `io-std`, `net`, `time`, `process`, `macros`, `sync`, `signal`, `fs`, `test-util`, `parking_lot`.

### Platforms
Supported: Linux, Windows, Android (API 21), macOS, iOS, FreeBSD. Limited WASM support available.

The full content is saved locally if you need to reference it further.


Done  $0.12 · 18.1s · 3 turns  (:N to view)
>
