---
source: tests/vcr_test.rs
expression: clean
---
:N view message · type to steer · Alt+Enter follow up · Ctrl+D exit
Session 07794ce8-5a14-4436-ab15-c9528772a338 (claude-sonnet-4-5-20250929)

[1] Thinking...
I'll create a hello.py file with a "hi" greeting.

[2] ▶ Write  (1 line)  /private/var/folders/21/3gpj27c974j5vc436plct78w0000gn...
[3] Thinking...
Done! I've created `hello.py` with "Hi, world!" as the greeting.


Done  $0.15 · 9.2s · 2 turns  (:N to view)
>
