---
source: tests/vcr_test.rs
expression: result.display
---
:N view message · type to steer · Alt+Enter follow up · Ctrl+D exit
Session 896c9b71-b583-4451-9b9e-c78922986426 (claude-haiku-4-5-20251001)

[1] Thinking...
Rust is a modern systems programming language that prioritizes three key goals:

1. **Safety** - Rust prevents common memory errors like null pointer dereferences and buffer overflows at compile time through its ownership system and borrow checker. You can't accidentally access memory unsafely without explicit, clearly marked `unsafe` blocks.

2. **Speed** - Rust compiles to machine code with zero runtime overhead, making it as fast as C and C++. There's no garbage collector or runtime penalty.

3. **Concurrency** - Rust's ownership system makes it easier to write correct concurrent code. The compiler catches many concurrency bugs at compile time rather than at runtime.

**Key features:**

- **Ownership system** - Memory is managed automatically without garbage collection. Rust's compiler tracks ownership of values and automatically frees memory when it's no longer needed.
- **Pattern matching** - Powerful syntax for breaking down and analyzing data structures.
- **Type system** - Strong, static typing with excellent type inference so you don't have to write types everywhere.
- **No null pointers** - Uses `Option<T>` and `Result<T, E>` types instead of nullable references, catching null-related bugs at compile time.
- **Expressive error handling** - The `?` operator and `Result` type make error handling ergonomic.

**Common use cases:**

- Systems software (operating systems, embedded systems, game engines)
- Web servers and backend services
- Command-line tools
- WebAssembly applications
- Blockchain and cryptography

Rust has been growing in popularity as companies like Google, Microsoft, and Meta adopt it for performance-critical and safety-sensitive components.


Done  $0.01 · 5.9s · 1 turn  (:N to view)
> > How does ownership work?
[2] Thinking...
Rust's ownership system is the core mechanism that makes memory safety possible without garbage collection. Here's how it works:

**The Three Rules of Ownership:**

1. **Each value has exactly one owner** - Only one variable can own a piece of data at any time.

2. **When the owner goes out of scope, the value is dropped** - Memory is automatically freed when the owner variable leaves scope (like when a function returns).

3. **You can transfer ownership** - Ownership can be moved from one variable to another, but only one owner exists at a time.

**Example:**

```rust
fn main() {
    let s1 = String::from("hello");  // s1 owns the string
    let s2 = s1;                      // ownership moves to s2
    
    // println!("{}", s1);            // ERROR! s1 no longer owns the string
    println!("{}", s2);               // OK - s2 is the owner
}
```

**Borrowing (References):**

Instead of transferring ownership, you can *borrow* a reference. This lets multiple variables access the same data:

```rust
fn main() {
    let s1 = String::from("hello");
    let len = calculate_length(&s1);  // borrow s1 (immutable reference)
    
    println!("'{}' has length {}", s1, len);  // s1 still owns the string
}

fn calculate_length(s: &String) -> usize {
    s.len()
}  // s goes out of scope, but it doesn't own the string, so nothing happens
```

**Two types of references:**

- **Immutable references** (`&T`) - Read-only access, many can exist at once
- **Mutable references** (`&mut T`) - Can modify the data, but only one can exist at a time in a given scope

This prevents data races: you can't have multiple mutable references to the same data, and you can't have mutable and immutable references together.

The compiler enforces these rules at compile time, so there's zero runtime cost.


Done  $0.02 · 5.0s · 1 turn  (:N to view)
>
