---
source: tests/vcr_test.rs
expression: clean
---
:N view message · type to steer · Alt+Enter follow up · Ctrl+D exit
Session f4418333-b1c7-48bf-8735-c2e19f682e13 (claude-haiku-4-5-20251001)

[1] Thinking...
[2] ▶ Write  (1 line)  /private/var/folders/21/3gpj27c974j5vc436plct78w0000gn...
[3] Thinking...
Done! I've created `hello.py` with the greeting changed to "Hi world!". You can run it with `python hello.py`.


Done  $0.01 · 4.8s · 2 turns  (:N to view)
>
