---
source: tests/vcr_test.rs
expression: clean
---
:N view message · type to steer · Alt+Enter follow up · Ctrl+D exit
Session 8892dab8-904c-4d9e-9d0f-d5c6101597d6 (claude-haiku-4-5-20251001)

[1] Thinking...
Rust is a systems programming language designed to provide safety, concurrency, and performance. Here are its key characteristics:

**Core Features:**
- **Memory Safety**: Rust prevents common memory errors like null pointer dereferences and buffer overflows without requiring garbage collection
- **Ownership System**: A unique borrow checker enforces safe memory management at compile time
- **Zero-Cost Abstractions**: High-level features with no runtime overhead
- **Concurrency**: Built-in support for safe concurrent programming with features like Send/Sync traits

**Use Cases:**
- Systems software (operating systems, embedded systems, databases)
- Performance-critical applications
- WebAssembly
- Command-line tools
- Blockchain/cryptocurrency projects

**Syntax:**
Rust's syntax is C-like but with modern features. It emphasizes explicitness and correctness:
```rust
fn main() {
    let x = 5;  // immutable by default
    let mut y = String::from("hello");
    y.push_str(" world");
    println!("{}", y);
}
```

**Key Advantages:**
- Catches bugs at compile time rather than runtime
- No garbage collector means predictable performance
- Strong type system helps prevent entire classes of bugs
- Excellent tooling (Cargo, rustfmt, clippy)

**Tradeoffs:**
- Steeper learning curve (especially the borrow checker)
- Longer compilation times compared to some languages
- Smaller ecosystem than some established languages (though growing rapidly)

Rust has gained significant adoption in recent years and is now used by companies like Mozilla, Microsoft, Google, and Amazon for production systems.


Done  $0.01 · 5.9s · 1 turn  (:N to view)
> > How does ownership work?
[2] Thinking...
Rust's ownership system is built on three main rules:

**The Three Rules:**
1. Each value has exactly one owner
2. When the owner is dropped, the value is cleaned up
3. You can transfer ownership (move) or temporarily borrow

**Example - Ownership Transfer (Move):**
```rust
fn main() {
    let s1 = String::from("hello");
    let s2 = s1;  // ownership moves to s2
    
    // println!("{}", s1);  // ERROR: s1 no longer owns the value
    println!("{}", s2);     // OK: s2 owns it now
}
```

**Borrowing (References):**
Instead of transferring ownership, you can borrow with references:

```rust
fn main() {
    let s1 = String::from("hello");
    let s2 = &s1;  // s2 borrows s1 immutably
    
    println!("{}", s1);  // OK: s1 still owns it
    println!("{}", s2);  // OK: s2 is just borrowing
}
```

**Mutable Borrowing:**
```rust
fn main() {
    let mut s = String::from("hello");
    change_string(&mut s);  // mutable borrow
    println!("{}", s);  // prints "hello world"
}

fn change_string(s: &mut String) {
    s.push_str(" world");
}
```

**Key Rules for References:**
- You can have **many immutable references** at once
- OR one **mutable reference** (but not both simultaneously)
- References must be valid (no dangling pointers)

**Why This Matters:**
The compiler checks these rules at compile time, preventing:
- Use-after-free bugs
- Data races in concurrent code
- Double-free errors

This eliminates entire classes of bugs without runtime overhead, which is why Rust is "safe by default."


Done  $0.02 · 4.8s · 1 turn  (:N to view)
>
