---
source: tests/vcr_test.rs
expression: clean
---
Session 71b846c9-8962-4390-8bd1-573272469a14 (claude-sonnet-4-5-20250929)

[1] Thinking...
I'll create a hello world script and change the greeting to "hi".

[2] ▶ Write  /private/var/folders/21/3gpj27c974j5vc436plct78w0000gn/T/coven-v...
[3] Thinking...
Done! I've created hello.py with a "Hi world" greeting instead of the traditional "Hello world".


Done  $0.15 · 8.0s · 2 turns · 42k tokens  (:N to view)
