---
source: tests/vcr_test.rs
expression: clean
---
Session 37608516-480e-4bb5-bbc1-65808e48d5ac (claude-opus-4-6)



[1] Thinking...
[2] ▶ Read  /private/var/folders/21/3gpj27c974j5vc436plct78w0000gn/T/coven-vcr-ralph_break/TODO.md
The next unchecked task is: **Create a hello.py that prints 'hi'**

[3] ▶ Write  /private/var/folders/21/3gpj27c974j5vc436plct78w0000gn/T/coven-vcr-ralph_break/hello.py (1 lines)
[4] ▶ Edit  /private/var/folders/21/3gpj27c974j5vc436plct78w0000gn/T/coven-vcr-ralph_break/TODO.md
Done. Created `hello.py` that prints `'hi'` and marked the task complete in TODO.md.

<break>Completed the next unchecked task from TODO.md.</break>


Done  $0.18 · 12.9s · 4 turns · 85k tokens  (:N to view)
