---
source: tests/vcr_test.rs
expression: clean
---
Session 71b846c9-8962-4390-8bd1-573272469a14 (claude-sonnet-4-5-20250929)

[1] Thinking...
The user wants me to:
1. Write a hello world script to hello.py
2. Change the greeting to "hi" instead of "hello"

This is a straightforward task. I should write a Python script that prints "Hi world" to a file called hello.py.

Since this is creating a new file, I'll use the Write tool to create hello.py with a simple print statement.

I'll create a hello world script and change the greeting to "hi".

[2] ▶ Write  (1 line)  /private/var/folders/21/3gpj27c974j5vc436plct78w0000gn...
[3] Thinking...
Good! I've created the hello.py file with "Hi world" instead of "Hello world". The task is complete.

Done! I've created hello.py with a "Hi world" greeting instead of the traditional "Hello world".


Done  $0.15 · 8.0s · 2 turns  (:N to view)
