---
source: tests/vcr_test.rs
expression: views
---
:1  [1] Thinking

The user is asking a simple math question: what is 2+2?

This is straightforward - 2+2 equals 4. I don't need to use any tools for this, it's just a direct answer.

I should keep my response short and concise as instructed in the guidelines.
