---
source: tests/vcr_test.rs
expression: clean
---
Session 2e4b50fb-3faf-4ccd-b3bb-ca6e4ec575ee (claude-opus-4-6)

[1] ▶ Read  /private/var/folders/21/3gpj27c974j5vc436plct78w0000gn/T/coven-vcr-steering/hello.py
[2] Thinking...
The file prints two messages to the console: first `hello world`, then `goodbye`.


Done  $0.05 · 6.6s · 2 turns · 41k tokens  (:N to view)
