---
source: tests/vcr_test.rs
expression: clean
---
:N view message · type to steer · Alt+Enter follow up · Ctrl+D exit
Session 91e7d3c1-b278-4ac9-8d89-e6aee0f73a67 (claude-opus-4-6)

[1] ▶ Task  Summarize README.md
  [1/2] ▶ Read  /private/var/folders/21/3gpj27c974j5vc436plct78w0000gn/T/cove...
The README describes this as a minimal project intended for testing subagent display in Coven.


Done  $0.08 · 10.7s · 2 turns  (:N to view)
>
