---
source: tests/vcr_test.rs
expression: clean
---
Session 31765887-ede9-4e06-916c-61a1927f7b4c (claude-opus-4-6)

[1] ▶ Task  Summarize README.md
  [1/2] ▶ Read  /private/var/folders/21/3gpj27c974j5vc436plct78w0000gn/T/cove...
The README describes this as a minimal project created for testing subagent display in coven.


Done  $0.07 · 11.6s · 2 turns  (:N to view)
