---
source: tests/vcr_test.rs
expression: clean
---
:N view message · type to steer · Alt+Enter follow up · Ctrl+D exit
Session fb2b50c1-a3cf-4046-8a79-43824bd3648c (claude-opus-4-6)

[1] ▶ Bash  ls /private/var/folders/21/3gpj27c974j5vc436plct78w0000gn/T/coven...
The current directory is empty (aside from the git repository metadata).


Done  $0.05 · 6.2s · 2 turns  (:N to view)
>
