---
source: tests/vcr_test.rs
expression: views
---
:1  [1] Thinking

The user wants to see the files in the current directory. I should use the Bash tool to list the files. The working directory is /private/var/folders/21/3gpj27c974j5vc436plct78w0000gn/T/coven-vcr-tool_use

I'll use `ls -la` to show all files including hidden ones with details.

--- :next ---

:2  [2] Bash

{
  "command": "ls -la",
  "description": "List all files in current directory with details"
}

--- Result ---

total 0
drwxr-xr-x@    4 yoav  staff     128 Feb 10 02:29 .
drwx------@ 9968 yoav  staff  318976 Feb 10 02:29 ..
drwxr-xr-x@    4 yoav  staff     128 Feb 10 02:29 .claude
drwxr-xr-x@   12 yoav  staff     384 Feb 10 02:29 .git
