---
source: tests/vcr_test.rs
expression: result.display
---
:N view message · type to steer · Alt+Enter follow up · Ctrl+D exit
oven: light-bear-48
Worker started: light-bear-48 (/var/folders/21/3gpj27c974j5vc436plct78w0000gn/T/coven-vcr-worker_basic-worktrees/coven-vcr-worker_basic/light-bear-48)
oven: light-bear-48 — dispatch
=== Dispatch ===

Session 177a4834-1985-4578-82db-97e16b7e3b04 (claude-haiku-4-5-20251001)

[1] Thinking...
[2] ▶ Glob  hello.txt
[3] Thinking...
<dispatch>
agent: greet
</dispatch>


Done  $0.01 · 5.1s · 2 turns  (:N to view)
  Total cost: $0.01

Dispatch: greet 

=== Agent: greet ===

oven: light-bear-48 — greetSession ab7969a4-4e25-4f60-a920-ae38d6166722 (claude-haiku-4-5-20251001)

[4] Thinking...
[5] ▶ Write  (1 line)  /private/var/folders/21/3gpj27c974j5vc436plct78w0000gn...
[6] Thinking...
[7] ▶ Bash  cd /private/var/folders/21/3gpj27c974j5vc436plct78w0000gn/T/coven...
[8] Thinking...
Done! I've created the `hello.txt` file with the content "Hello from coven worker!" and committed it with the message "Add hello.txt". The commit hash is `e246833`.


Done  $0.02 · 16.2s · 3 turns  (:N to view)
  Total cost: $0.03

=== Landing ===
Landed light-bear-48 onto main
oven: light-bear-48 — dispatch
=== Dispatch ===

Session cd4b008a-b7bd-47d6-9d7c-c8a5d5fdea3c (claude-haiku-4-5-20251001)

[9] Thinking...
[10] ▶ Glob  hello.txt
[11] Thinking...
hello.txt exists in the project root. All work is complete.

```
<dispatch>
sleep: true
</dispatch>
```


Done  $0.01 · 4.4s · 2 turns  (:N to view)
  Total cost: $0.04
oven: light-bear-48 — sleeping
Dispatch: sleep — waiting for new commits...
emoving worktree...
