---
source: tests/vcr_test.rs
expression: result.display
---
:N view message · type to steer · Ctrl+W wait · Ctrl+O interactive · Ctrl+C interrupt

--- Iteration 1 ---

Session 9d016fb7-b0b9-42b8-87c3-a4cfa67ba12a (claude-haiku-4-5-20251001)

[1] Thinking...
[2] ▶ Read  /private/var/folders/21/3gpj27c974j5vc436plct78w0000gn/T/coven-vc...
[3] Thinking...

I found TODO.md with two unchecked tasks. I'll do the first one: create a hello.py that prints 'hi'.

[4] ▶ Write  (+1)  /private/var/folders/21/3gpj27c974j5vc436plct78w0000gn/T/c...
[5] Thinking...

Now I'll mark this task as completed in TODO.md:

[6] ▶ Edit  (+1/-1)  /private/var/folders/21/3gpj27c974j5vc436plct78w0000gn/T...
[7] Thinking...

Done! I've created `hello.py` with the code to print 'hi' and marked that task as completed in TODO.md. The next session can handle the README.md task.


Done  $0.02 · 9.8s · 4 turns  (:N to view)
  Total cost: $0.02

--- Iteration 2 ---

Session cc912bf3-8e59-45f4-986e-ab97759d9d95 (claude-haiku-4-5-20251001)

[8] Thinking...
[9] ▶ Read  /private/var/folders/21/3gpj27c974j5vc436plct78w0000gn/T/coven-vc...
[10] Thinking...
[11] ▶ Write  (+1)  /private/var/folders/21/3gpj27c974j5vc436plct78w0000gn/T/...
[12] Thinking...
[13] ▶ Edit  (+1/-1)  /private/var/folders/21/3gpj27c974j5vc436plct78w0000gn/...
[14] Thinking...

Done! I created a README.md file with the title 'My Project' and marked the task as complete in TODO.md.


Done  $0.02 · 11.6s · 4 turns  (:N to view)
  Total cost: $0.04

--- Iteration 3 ---

Session 31d31aec-d987-45e3-bf39-9a28a0faae07 (claude-haiku-4-5-20251001)

[15] Thinking...
[16] ▶ Read  /private/var/folders/21/3gpj27c974j5vc436plct78w0000gn/T/coven-v...
[17] Thinking...

All tasks in TODO.md are already checked off. There are no unchecked tasks to complete.


Done  $0.01 · 5.8s · 2 turns  (:N to view)
  Total cost: $0.05

--- Iteration 4 ---

Session 414ea7cd-4d2a-4fa8-b8cc-128d8cb76104 (claude-haiku-4-5-20251001)

[18] Thinking...
[19] ▶ Read  /private/var/folders/21/3gpj27c974j5vc436plct78w0000gn/T/coven-v...
[20] Thinking...

All tasks in TODO.md are already completed (both are checked). There are no unchecked tasks to do.

<break>reason: All tasks already marked as done</break>


Done  $0.01 · 5.9s · 2 turns  (:N to view)
  Total cost: $0.06

Loop complete (4 iterations): reason: All tasks already marked as done
