---
source: tests/vcr_test.rs
expression: result.display
---
:N view message · type to steer · Alt+Enter follow up · Ctrl+W wait · Ctrl+D exit
Session a2506fb8-b3e7-4633-84fd-9d5c815e2b39 (claude-haiku-4-5-20251001)

[1] Thinking...
I'll delegate this as a fork subtask for you.

<fork>
- Create greeting.txt with 'Hello from a forked subtask!'
</fork>

[2] ⑂ Fork  Create greeting.txt with 'Hello from a forked subtask!'
  [2/1] Write  (1 line)  /private/var/folders/21/3gpj27c974j5vc436plct78w0000...
[3] ⑂ Fork Result
[4] Thinking...
Perfect! The fork subtask has completed successfully. The file `greeting.txt` has been created with the content 'Hello from a forked subtask!'


Done  $0.01 · 2.1s · 1 turn  (:N to view)
>
