---
source: tests/vcr_test.rs
expression: result.display
---
:N view message · type to steer · Ctrl+W wait · Ctrl+O interactive · Ctrl+C interrupt

--- Iteration 1 ---

Session cf70fdf4-7a81-40c0-b2c2-d69cee0a4003 (claude-haiku-4-5-20251001)

[1] Thinking...
[2] ▶ Read  /tmp/coven-vcr-ralph_break/TODO.md
[3] Thinking...
I found unchecked tasks in TODO.md. Let me do the first one: create a hello.py that prints 'hi'.

[4] ▶ Write  (1 line)  /tmp/coven-vcr-ralph_break/hello.py
[5] Thinking...
[6] ▶ Edit  /tmp/coven-vcr-ralph_break/TODO.md
[7] Thinking...
Now let me do the second task: create a README.md with the title 'My Project'.

[8] ▶ Write  (1 line)  /tmp/coven-vcr-ralph_break/README.md
[9] Thinking...
[10] ▶ Edit  /tmp/coven-vcr-ralph_break/TODO.md
[11] Thinking...
All tasks are now complete! I've:
1. ✓ Created hello.py that prints 'hi'
2. ✓ Created README.md with the title 'My Project'
3. ✓ Marked both tasks as done in TODO.md

<break>All tasks in TODO.md are complete</break>


Done  $0.02 · 9.2s · 6 turns  (:N to view)
  Total cost: $0.02

Loop complete (1 iteration): All tasks in TODO.md are complete
