---
source: tests/vcr_test.rs
expression: result.display
---
:N view message · type to steer · Alt+Enter follow up · Ctrl+D exit

--- Iteration 1 ---

Session 64d336a4-5d3c-42fa-b73b-e0a9cf54c62f (claude-haiku-4-5-20251001)

[1] Thinking...
[2] ▶ Read  /private/var/folders/21/3gpj27c974j5vc436plct78w0000gn/T/coven-vc...
[3] Thinking...
[4] ▶ Write  (1 line)  /private/var/folders/21/3gpj27c974j5vc436plct78w0000gn...
[5] Thinking...
[6] ▶ Edit  /private/var/folders/21/3gpj27c974j5vc436plct78w0000gn/T/coven-vc...
[7] Thinking...
Now I'll create the README.md:

[8] ▶ Write  (1 line)  /private/var/folders/21/3gpj27c974j5vc436plct78w0000gn...
[9] Thinking...
[10] ▶ Edit  /private/var/folders/21/3gpj27c974j5vc436plct78w0000gn/T/coven-v...
[11] Thinking...
Done! Both tasks in TODO.md have been completed:
- ✅ Created `hello.py` with `print('hi')`
- ✅ Created `README.md` with the project name

All tasks are checked off, so I'm stopping.


Done  $0.03 · 14.5s · 6 turns  (:N to view)
  Total cost: $0.03

--- Iteration 2 ---

Session 0ca01cd0-6d1d-43e7-8874-770eb7d830ec (claude-haiku-4-5-20251001)

[12] Thinking...
[13] ▶ Read  /private/var/folders/21/3gpj27c974j5vc436plct78w0000gn/T/coven-v...
[14] Thinking...
All tasks in TODO.md are completed. No further action needed.

<break>All tasks completed</break>


Done  $0.01 · 3.7s · 2 turns  (:N to view)
  Total cost: $0.03

Loop complete (2 iterations): All tasks completed
