---
source: tests/vcr_test.rs
expression: result.display
---
:N view message · type to steer · Alt+Enter follow up · Ctrl+D exit

--- Iteration 1 ---

Session b9e47421-11aa-4b94-a3dc-79bb9469d645 (claude-haiku-4-5-20251001)

[1] Thinking...
[2] ▶ Read  /private/var/folders/21/3gpj27c974j5vc436plct78w0000gn/T/coven-vc...
[3] Thinking...
I'll create the hello.py file for the first task.

[4] ▶ Write  (1 line)  /private/var/folders/21/3gpj27c974j5vc436plct78w0000gn...
[5] Thinking...
[6] ▶ Edit  /private/var/folders/21/3gpj27c974j5vc436plct78w0000gn/T/coven-vc...
[7] Thinking...
[8] ▶ Write  (1 line)  /private/var/folders/21/3gpj27c974j5vc436plct78w0000gn...
[9] Thinking...
[10] ▶ Edit  /private/var/folders/21/3gpj27c974j5vc436plct78w0000gn/T/coven-v...
[11] Thinking...
All tasks in TODO.md have been completed:
- ✓ Created hello.py that prints 'hi'
- ✓ Created README.md with the title 'My Project'

<break>All tasks completed</break>


Done  $0.03 · 11.3s · 6 turns  (:N to view)
  Total cost: $0.03

Loop complete (1 iteration): All tasks completed
