---
source: tests/vcr_test.rs
expression: result.display
---
:N view message · type to steer · Alt+Enter follow up · Ctrl+D exit

Worker started: keen-fox-83 (/var/folders/21/3gpj27c974j5vc436plct78w0000gn/T/coven-vcr-worker_basic-worktrees/coven-vcr-worker_basic/keen-fox-83)

=== Agent: dispatch ===

Session 29b8f960-d52c-4b42-a7e8-abf8cd1b7545 (claude-haiku-4-5-20251001)

[1] Thinking...
[2] ▶ Glob  hello.txt
[3] Thinking...
The file `hello.txt` does not exist. Handing off to the greet agent to create it.

<next>
agent: greet
</next>


Done  $0.01 · 5.1s · 2 turns  (:N to view)
  Total cost: $0.01

Transition: greet 

=== Agent: greet ===

Session a24c17d6-0bd7-409b-9477-1379a6536e9c (claude-haiku-4-5-20251001)

[4] Thinking...
I'll create the file and commit it for you.

[5] ▶ Write  (1 line)  /private/var/folders/21/3gpj27c974j5vc436plct78w0000gn...
[6] ▶ Bash  cd /private/var/folders/21/3gpj27c974j5vc436plct78w0000gn/T/coven...
[7] Thinking...
Done! I've created hello.txt with the content "Hello from coven worker!" and committed it with the message "Add hello.txt". The commit was successful (229b198).

<next>
agent: dispatch
</next>


Done  $0.01 · 7.4s · 3 turns  (:N to view)
  Total cost: $0.02

Transition: dispatch 

=== Agent: dispatch ===

Session 3ae1c999-518e-4d63-8a54-99b9defb7168 (claude-haiku-4-5-20251001)

[8] Thinking...
[9] ▶ Bash  ls -la hello.txt 2>&1
[10] Thinking...
The file `hello.txt` already exists in the project root. All work is complete.

<next>
sleep: true
</next>


Done  $0.01 · 6.8s · 2 turns  (:N to view)
  Total cost: $0.04

Transition: sleep — waiting for new commits...

Removing worktree...
