---
source: tests/vcr_test.rs
expression: result.display
---
:N view message · type to steer · Alt+Enter follow up · Ctrl+W wait · Ctrl+D exit

Worker started: agile-wolf-28 (/var/folders/21/3gpj27c974j5vc436plct78w0000gn/T/coven-vcr-worker_basic-worktrees/coven-vcr-worker_basic/agile-wolf-28)

=== Agent: dispatch ===

Session f43b1181-f17c-48b2-bfb1-615cbee6a3e3 (claude-haiku-4-5-20251001)

[1] Thinking...
[2] ▶ Bash  test -f hello.txt && echo "exists" || echo "not found"
    ✗ Error: This Bash command contains multiple operations. The following pa...
[3] Thinking...
[4] ▶ Read  /private/var/folders/21/3gpj27c974j5vc436plct78w0000gn/T/coven-vc...
    ✗ Error: File does not exist.
[5] Thinking...
hello.txt does not exist, so I'll hand off to the greet agent.

<next>
agent: greet
</next>


Done  $0.02 · 6.7s · 3 turns  (:N to view)
  Total cost: $0.02

Transition: greet 

=== Agent: greet ===

Session c4cd95a1-392c-4c83-8c9b-03e51ff33bd9 (claude-haiku-4-5-20251001)

[6] Thinking...
I'll create the file and commit it for you.

[7] ▶ Write  (1 line)  /private/var/folders/21/3gpj27c974j5vc436plct78w0000gn...
[8] Thinking...
[9] ▶ Bash  cd /private/var/folders/21/3gpj27c974j5vc436plct78w0000gn/T/coven...
[10] Thinking...
Done! I've created hello.txt with the content "Hello from coven worker!" and committed it with the message "Add hello.txt".

<next>
agent: dispatch
</next>


Done  $0.01 · 6.8s · 3 turns  (:N to view)
  Total cost: $0.03

Transition: dispatch 

=== Agent: dispatch ===

Session 9d31a3aa-de4c-49d3-8a81-4be5bc69c506 (claude-haiku-4-5-20251001)

[11] Thinking...
[12] ▶ Glob  hello.txt
[13] Thinking...
hello.txt already exists. All work is done.

<next>
sleep: true
</next>


Done  $0.01 · 4.3s · 2 turns  (:N to view)
  Total cost: $0.05

Transition: sleep — waiting for new commits...

Removing worktree...
