---
source: tests/vcr_test.rs
expression: result.display
---
:N view message · type to steer · Alt+Enter follow up · Ctrl+D exit

Worker started: bold-canyon-43 (/var/folders/21/3gpj27c974j5vc436plct78w0000gn/T/coven-vcr-worker_basic-worktrees/coven-vcr-worker_basic/bold-canyon-43)

=== Agent: dispatch ===

Session 78b4ac82-fa9f-4367-8689-e6077e4bcd86 (claude-haiku-4-5-20251001)

[1] Thinking...
I'll check if hello.txt exists in the project root.

[2] ▶ Glob  hello.txt
[3] Thinking...
hello.txt doesn't exist, so I'll hand off to the greet agent to create it.

<next>
agent: greet
</next>


Done  $0.01 · 4.6s · 2 turns  (:N to view)
  Total cost: $0.01

Transition: greet 

=== Agent: greet ===

Session 4ed11ba0-d150-47b3-ab6f-70804b35def4 (claude-haiku-4-5-20251001)

[4] Thinking...
I'll create the file and commit it for you.

[5] ▶ Write  (1 line)  /private/var/folders/21/3gpj27c974j5vc436plct78w0000gn...
[6] Thinking...
[7] ▶ Bash  cd /private/var/folders/21/3gpj27c974j5vc436plct78w0000gn/T/coven...
[8] Thinking...
Done! I've created hello.txt with the content "Hello from coven worker!" and committed it with the message "Add hello.txt".

<next>
agent: dispatch
worker_status: Worker completed task - created and committed hello.txt file
</next>


Done  $0.02 · 7.2s · 3 turns  (:N to view)
  Total cost: $0.03

Transition: dispatch worker_status=Worker completed task - created and committed hello.txt file

=== Agent: dispatch ===

Session 09ca43f9-c33a-4647-b865-1b250452b875 (claude-haiku-4-5-20251001)

[9] Thinking...
[10] ▶ Glob  hello.txt
[11] Thinking...
The hello.txt file exists in the project root. The worker has already completed the task successfully.

<next>
sleep: true
</next>


Done  $0.01 · 5.0s · 2 turns  (:N to view)
  Total cost: $0.04

Transition: sleep — waiting for new commits...

Removing worktree...
