---
source: tests/vcr_test.rs
expression: result.display
---
:N view message · type to steer · Ctrl+O interactive · Ctrl+C interrupt
Session 47f605ef-526e-47ed-92ed-45e1012860ff (claude-haiku-4-5-20251001)

[1] Thinking...
<fork>
- Create hello.txt with 'hello world'
- Create goodbye.txt with 'goodbye world'
</fork>

[2] ⑂ Fork  Create hello.txt with 'hello world'
[3] ⑂ Fork  Create goodbye.txt with 'goodbye world'
  [2/1] Write  (+1)  /private/var/folders/21/3gpj27c974j5vc436plct78w0000gn/T...
  [3/1] Write  (+1)  /private/var/folders/21/3gpj27c974j5vc436plct78w0000gn/T...
[4] ⑂ Fork Result
[5] Thinking...
Perfect! Both files have been created:
- **hello.txt** with 'hello world'
- **goodbye.txt** with 'goodbye world'


Done  $0.01 · 1.4s · 1 turn  (:N to view)
Enter follow up · :N view message · Ctrl+O interactive
>
