---
source: tests/vcr_test.rs
expression: result.display
---
:N view message · type to steer · Ctrl+O interactive · Ctrl+C interrupt
Session fd6b5a86-78b4-49f1-8669-3b5c760ba1d2 (claude-haiku-4-5-20251001)

[1] Thinking...
[2] ▶ Agent  Read and summarize README.md
[3] ▶ Agent  Read and summarize notes.txt
  [2/1] ▶ Read  /tmp/coven-vcr-parallel_subagent/README.md
  [3/1] ▶ Read  /tmp/coven-vcr-parallel_subagent/notes.txt
[4] Thinking...

## Summary

**README.md:** Contains minimal information describing this as a "Test Project" created for testing parallel subagent display functionality in coven.

**notes.txt:** Contains a single line indicating this is test notes for a parallel subagent test case.

Both files appear to be part of a test setup for the coven system's parallel subagent feature.


Done  $0.02 · 9.2s · 3 turns  (:N to view)
Enter follow up · :N view message · Ctrl+O interactive · Esc skip
>
