---
source: tests/vcr_test.rs
expression: result.display
---
:N view message · type to steer · Alt+Enter follow up · Ctrl+D exit
Session 79eebad3-1490-4301-8cac-5ca528700d66 (claude-haiku-4-5-20251001)

[1] Thinking...
[2] ▶ Grep  fn main
[3] Thinking...
Found 1 Rust file containing 'fn main':

- `src/main.rs`


Done  $0.01 · 6.3s · 2 turns  (:N to view)
>
