---
source: tests/vcr_test.rs
expression: result.display
---
:N view message · type to steer · Alt+Enter follow up · Ctrl+W wait · Ctrl+D exit
Session 34837646-06fe-460e-82c8-8ca3c2d869cd (claude-haiku-4-5-20251001)

[1] Thinking...
[2] ▶ Grep  fn main
[3] Thinking...
No Rust files containing `fn main` were found in the current directory. Let me check if there are any Rust files at all:

[4] ▶ Glob  **/*.rs
[5] Thinking...
[6] ▶ Grep  fn main
[7] Thinking...
Found **1 file** containing `fn main`:
- `src/main.rs`


Done  $0.01 · 9.5s · 4 turns  (:N to view)
>
