---
source: tests/vcr_test.rs
expression: result.display
---
:N view message · type to steer · Alt+Enter follow up · Ctrl+D exit
Session ee8a02a4-b467-4f20-b1e8-cea0e3033561 (claude-haiku-4-5-20251001)

[1] Thinking...
[2] ▶ Grep  fn main
[3] Thinking...
Found **1 Rust file** containing `fn main`:

- `src/main.rs`


Done  $0.01 · 10.8s · 2 turns  (:N to view)
>
