---
source: tests/vcr_test.rs
expression: result.display
---
:N view message · type to steer · Alt+Enter follow up · Ctrl+D exit
Session 693a7b4c-0d29-41cf-a98b-9dda4d9264d2 (claude-haiku-4-5-20251001)

[1] Thinking...
[2] ▶ Read  /private/var/folders/21/3gpj27c974j5vc436plct78w0000gn/T/coven-vc...
[3] Thinking...
[4] ▶ Edit  (+1)  /private/var/folders/21/3gpj27c974j5vc436plct78w0000gn/T/co...
[5] Thinking...
[6] ▶ Read  /private/var/folders/21/3gpj27c974j5vc436plct78w0000gn/T/coven-vc...
[7] Thinking...
Done! I've updated greeting.py to:
- Change the greeting from 'hello' to 'goodbye'
- Add a farewell line that prints "See you next time!"

The function now prints both messages when called.


Done  $0.02 · 26.7s · 4 turns  (:N to view)
>
