---
source: tests/vcr_test.rs
expression: result.display
---
:N view message · type to steer · Alt+Enter follow up · Ctrl+D exit
Session 73770a1c-ec11-41a6-85c5-aa16b0d8d05c (claude-haiku-4-5-20251001)

[1] Thinking...
[2] ▶ Read  /private/var/folders/21/3gpj27c974j5vc436plct78w0000gn/T/coven-vc...
[3] Thinking...
[4] ▶ Edit  (+1)  /private/var/folders/21/3gpj27c974j5vc436plct78w0000gn/T/co...
[5] Thinking...
[6] ▶ Read  /private/var/folders/21/3gpj27c974j5vc436plct78w0000gn/T/coven-vc...
[7] Thinking...
Done! I've updated greeting.py:
- Changed the greeting from `'hello'` to `'goodbye'`
- Added a farewell line that prints `'See you soon!'`


Done  $0.02 · 9.5s · 4 turns  (:N to view)
>
