---
source: tests/vcr_test.rs
expression: result.display
---
:N view message · type to steer · Ctrl+W wait · Ctrl+C interrupt · Ctrl+D exit
Session fc830a07-8f51-4fb0-9072-99dca4d35ed5 (claude-haiku-4-5-20251001)

[1] Thinking...
[2] ▶ Task  Read README.md and summarize in one sentence
  [2/1] ▶ Read  /private/var/folders/21/3gpj27c974j5vc436plct78w0000gn/T/cove...
[3] Thinking...
The subagent has summarized the README.md: **This is a minimal test project created for testing subagent display in coven.**


Done  $0.02 · 5.5s · 2 turns  (:N to view)
Enter follow up · :N view message · Ctrl+O interactive · Ctrl+D exit
>
