---
source: tests/vcr_test.rs
expression: result.display
---
:N view message · type to steer · Ctrl+O interactive · Ctrl+C interrupt
Session 6df0913d-150d-4ba4-a277-e8d97f84fe1b (claude-haiku-4-5-20251001)

[1] Thinking...
Enter steer · Alt+Enter follow up · :N view message · Esc cancel
[2] ▶ Bash  pwd
[3] Thinking...

<fork>
- Create hello.txt with 'hello world' content
- Create goodbye.txt with 'goodbye world' content
</fork>

⏳ queued: x
[4] ⑂ Fork  Create hello.txt with 'hello world' content
[5] ⑂ Fork  Create goodbye.txt with 'goodbye world' content
  [5/1] Write  (+1)  /private/var/folders/21/3gpj27c974j5vc436plct78w0000gn/T...
  [4/1] Write  (+1)  /private/var/folders/21/3gpj27c974j5vc436plct78w0000gn/T...
[6] ⑂ Fork Result
[7] Thinking...

Perfect! Both files have been created successfully:
- ✅ **hello.txt** with 'hello world'
- ✅ **goodbye.txt** with 'goodbye world'

Both tasks completed in parallel.

⤷ follow-up: x
[8] Thinking...
What do you need?


Done  $0.01 · 2.8s · 1 turn  (:N to view)
Enter follow up · :N view message · Ctrl+O interactive · Esc skip
>
