---
source: tests/vcr_test.rs
expression: result.display
---
:N view message · type to steer · Alt+Enter follow up · Ctrl+W wait · Ctrl+D exit
Session 0f2e3808-9ad2-4ee7-9941-34bd511a75cc (claude-haiku-4-5-20251001)

[1] Thinking...
[2] ▶ Bash  pwd
[3] Thinking...
<fork>
- Create hello.txt with 'hello world'
- Create goodbye.txt with 'goodbye world'
</fork>

⏳ queued: x
[4] ⑂ Fork  Create hello.txt with 'hello world'
[5] ⑂ Fork  Create goodbye.txt with 'goodbye world'
  [5/1] Write  (1 line)  /private/var/folders/21/3gpj27c974j5vc436plct78w0000...
  [4/1] Write  (1 line)  /private/var/folders/21/3gpj27c974j5vc436plct78w0000...
[6] ⑂ Fork Result
[7] Thinking...
Perfect! Both subtasks completed successfully:
- ✓ Created hello.txt with 'hello world'
- ✓ Created goodbye.txt with 'goodbye world'

⤷ follow-up: x
[8] Thinking...
What do you need?


Done  $0.01 · 2.8s · 1 turn  (:N to view)
>
