---
source: tests/vcr_test.rs
expression: result.display
---
:N view message · type to steer · Ctrl+W wait · Ctrl+O interactive · Ctrl+C interrupt

--- Iteration 1 ---

Session 329136a6-dac9-42b0-93b1-5f3bafb207b1 (claude-haiku-4-5-20251001)

[1] Thinking...
[2] ▶ Read  /tmp/coven-vcr-ralph_immediate_break/TODO.md
[3] Thinking...
All tasks in TODO.md are already completed! Both items are checked off:
- ✅ Create a hello.py that prints 'hi'
- ✅ Create a README.md with the title 'My Project'

There are no unchecked tasks to work on.

<break>All tasks in TODO.md are complete</break>


Done  $0.01 · 3.6s · 2 turns  (:N to view)
  Total cost: $0.01

Loop complete (1 iteration): All tasks in TODO.md are complete
