---
source: tests/vcr_test.rs
expression: result.display
---
:N view message · type to steer · Ctrl+W wait · Ctrl+O interactive · Ctrl+C interrupt

--- Iteration 1 ---

Session 5b7fa4e1-5ced-489f-baa1-78313f46954d (claude-haiku-4-5-20251001)

[1] Thinking...
[2] ▶ Read  /private/var/folders/21/3gpj27c974j5vc436plct78w0000gn/T/coven-vc...
[3] Thinking...
All tasks in TODO.md are already completed! ✓

- [x] Create a hello.py that prints 'hi'
- [x] Create a README.md with the title 'My Project'

There are no unchecked tasks to work on.


Done  $0.01 · 14.4s · 2 turns  (:N to view)
  Total cost: $0.01

--- Iteration 2 ---

Session 1c0a9ae7-a403-4111-9440-5ce2a02910b5 (claude-haiku-4-5-20251001)

[4] Thinking...
[5] ▶ Read  /private/var/folders/21/3gpj27c974j5vc436plct78w0000gn/T/coven-vc...
[6] Thinking...
All tasks in TODO.md are already completed ✓

- [x] Create a hello.py that prints 'hi'
- [x] Create a README.md with the title 'My Project'

There are no unchecked tasks to do. Would you like me to add new tasks, or is there something else I can help with?


Done  $0.01 · 4.9s · 2 turns  (:N to view)
  Total cost: $0.02

--- Iteration 3 ---

Session 024f1480-498c-4284-8706-c8e054536649 (claude-haiku-4-5-20251001)

[7] Thinking...
[8] ▶ Read  /private/var/folders/21/3gpj27c974j5vc436plct78w0000gn/T/coven-vc...
[9] Thinking...
All tasks in TODO.md are already completed! Both items are checked:
- ✓ Create a hello.py that prints 'hi'
- ✓ Create a README.md with the title 'My Project'

There are no pending tasks to work on.

<break>All TODO.md tasks are complete and there's no additional work needed</break>


Done  $0.01 · 7.8s · 2 turns  (:N to view)
  Total cost: $0.03

Loop complete (3 iterations): All TODO.md tasks are complete and there's no additional work needed
