---
source: tests/vcr_test.rs
expression: result.display
---
:N view message · type to steer · Ctrl+O interactive · Ctrl+C interrupt

--- Iteration 1 ---

Session a1a06d29-9516-429e-8f84-bf9d2a553021 (claude-haiku-4-5-20251001)

[1] Thinking...
[2] ▶ Read  /tmp/coven-vcr-ralph_no_wait/TODO.md
[3] Thinking...
[4] ▶ Write  (1 line)  /tmp/coven-vcr-ralph_no_wait/hello.py
[5] Thinking...
[6] ▶ Edit  /tmp/coven-vcr-ralph_no_wait/TODO.md
[7] Thinking...
[8] ▶ Write  (1 line)  /tmp/coven-vcr-ralph_no_wait/README.md
[9] Thinking...
[10] ▶ Edit  /tmp/coven-vcr-ralph_no_wait/TODO.md
[11] Thinking...
Done! I've completed both tasks:

1. ✅ Created `hello.py` that prints 'hi'
2. ✅ Created `README.md` with the title 'My Project'

All tasks in TODO.md are now checked off.

<break>All tasks completed</break>


Done  $0.02 · 9.8s · 6 turns  (:N to view)
  Total cost: $0.02

Loop complete (1 iteration): All tasks completed
