---
source: tests/vcr_test.rs
expression: result.display
---
:N view message · type to steer · Ctrl+O interactive · Ctrl+C interrupt

--- Iteration 1 ---

Session d57571ce-025e-4bdb-b0a6-cc28ad58fe7e (claude-haiku-4-5-20251001)

[1] Thinking...
[2] ▶ Read  /private/var/folders/21/3gpj27c974j5vc436plct78w0000gn/T/coven-vc...
[3] Thinking...
[4] ▶ Write  (1 line)  /private/var/folders/21/3gpj27c974j5vc436plct78w0000gn...
[5] Thinking...
[6] ▶ Edit  /private/var/folders/21/3gpj27c974j5vc436plct78w0000gn/T/coven-vc...
[7] Thinking...
[8] ▶ Write  (1 line)  /private/var/folders/21/3gpj27c974j5vc436plct78w0000gn...
[9] Thinking...
[10] ▶ Edit  /private/var/folders/21/3gpj27c974j5vc436plct78w0000gn/T/coven-v...
[11] Thinking...
All tasks in TODO.md have been completed:
- ✓ Created `hello.py` that prints 'hi'
- ✓ Created `README.md` with the title 'My Project'

<break>all tasks completed</break>


Done  $0.02 · 10.4s · 6 turns  (:N to view)
  Total cost: $0.02

Loop complete (1 iteration): all tasks completed
