---
source: tests/vcr_test.rs
expression: result.display
---
:N view message · type to steer · Ctrl+O interactive · Ctrl+C interrupt

--- Iteration 1 ---

Session a39a9378-a106-4692-8c00-a418ba8288fd (claude-haiku-4-5-20251001)

[1] Thinking...
[2] ▶ Read  /private/var/folders/21/3gpj27c974j5vc436plct78w0000gn/T/coven-vc...
[3] Thinking...
[4] ▶ Write  (+1)  /private/var/folders/21/3gpj27c974j5vc436plct78w0000gn/T/c...
[5] Thinking...
[6] ▶ Edit  (+1/-1)  /private/var/folders/21/3gpj27c974j5vc436plct78w0000gn/T...
[7] Thinking...

Done! I created `hello.py` with `print('hi')` and marked the first task as complete. One task remaining in TODO.md: creating a README.md with the title 'My Project'.


Done  $0.04 · 11.6s · 4 turns  (:N to view)
  Total cost: $0.04

--- Iteration 2 ---

Session 79215937-ba35-41a9-bb62-fa9760ccdb65 (claude-haiku-4-5-20251001)

[8] Thinking...
[9] ▶ Read  /private/var/folders/21/3gpj27c974j5vc436plct78w0000gn/T/coven-vc...
[10] Thinking...
[11] ▶ Write  (+1)  /private/var/folders/21/3gpj27c974j5vc436plct78w0000gn/T/...
[12] ▶ Edit  (+1/-1)  /private/var/folders/21/3gpj27c974j5vc436plct78w0000gn/...
[13] Thinking...

Done! Created README.md with the title 'My Project' and marked the task as complete in TODO.md.


Done  $0.02 · 8.0s · 4 turns  (:N to view)
  Total cost: $0.06

--- Iteration 3 ---

Session 5a060ca4-5af5-4c51-a2e6-4233ff675c91 (claude-haiku-4-5-20251001)

[14] Thinking...
[15] ▶ Read  /private/var/folders/21/3gpj27c974j5vc436plct78w0000gn/T/coven-v...
[16] Thinking...

All tasks in TODO.md are already checked off:
- ✓ Create a hello.py that prints 'hi'
- ✓ Create a README.md with the title 'My Project'

There are no unchecked tasks to complete. Would you like me to add new tasks, or shall I verify that the existing files match their descriptions?


Done  $0.01 · 7.8s · 2 turns  (:N to view)
  Total cost: $0.07

--- Iteration 4 ---

Session e928006a-053c-45fa-adec-18e21618f5f0 (claude-haiku-4-5-20251001)

[17] Thinking...
[18] ▶ Read  /private/var/folders/21/3gpj27c974j5vc436plct78w0000gn/T/coven-v...
[19] Thinking...

All tasks in TODO.md are already checked off! Both tasks are marked complete:
- ✓ Create a hello.py that prints 'hi'
- ✓ Create a README.md with the title 'My Project'

There are no unchecked tasks to complete. Would you like me to add new tasks, or is there something else you'd like help with?


Done  $0.01 · 5.4s · 2 turns  (:N to view)
  Total cost: $0.08

--- Iteration 5 ---

Session 35423cf8-6977-48a6-bcd1-3f156f2f6531 (claude-haiku-4-5-20251001)

[20] Thinking...
[21] ▶ Read  /private/var/folders/21/3gpj27c974j5vc436plct78w0000gn/T/coven-v...
[22] Thinking...

All tasks in TODO.md are already checked off! Both items are marked as complete:
- ✅ Create a hello.py that prints 'hi'
- ✅ Create a README.md with the title 'My Project'

There are no unchecked tasks to complete. Would you like me to:
1. Add new tasks to TODO.md?
2. Verify that the existing tasks were actually completed (the files exist)?
3. Something else?


Done  $0.01 · 8.5s · 2 turns  (:N to view)
  Total cost: $0.08

--- Iteration 6 ---

Session c823cda1-75e6-4443-b7c0-cd649e22d30a (claude-haiku-4-5-20251001)

[23] Thinking...
[24] ▶ Read  /private/var/folders/21/3gpj27c974j5vc436plct78w0000gn/T/coven-v...
[25] Thinking...

All tasks in TODO.md are already completed and marked with `[x]`:
- ✓ Create a hello.py that prints 'hi'
- ✓ Create a README.md with the title 'My Project'

Both files exist (showing as untracked in git status). There are no unchecked tasks to complete.


Done  $0.01 · 9.4s · 2 turns  (:N to view)
  Total cost: $0.09

--- Iteration 7 ---

Session fa9ffc2c-221f-4096-9dc3-9d4e63977906 (claude-haiku-4-5-20251001)

[26] Thinking...
[27] ▶ Read  /private/var/folders/21/3gpj27c974j5vc436plct78w0000gn/T/coven-v...
[28] Thinking...

All tasks in TODO.md are already checked off! ✓

- [x] Create a hello.py that prints 'hi'
- [x] Create a README.md with the title 'My Project'

There are no unchecked tasks to complete. Both tasks show as done.


Done  $0.01 · 7.2s · 2 turns  (:N to view)
  Total cost: $0.10

--- Iteration 8 ---

Session a40d61a2-cc9d-47f1-b053-6dcecc414c33 (claude-haiku-4-5-20251001)

[29] Thinking...
[30] ▶ Read  /private/var/folders/21/3gpj27c974j5vc436plct78w0000gn/T/coven-v...
[31] Thinking...

I see that both tasks in TODO.md are already marked as completed:
- ✓ Create a hello.py that prints 'hi'
- ✓ Create a README.md with the title 'My Project'

There are no unchecked tasks remaining. All items have been completed and marked with [x]. Would you like me to add new tasks to the TODO list?


Done  $0.01 · 5.9s · 2 turns  (:N to view)
  Total cost: $0.11

--- Iteration 9 ---

Session 856c4f0c-529f-4433-bf6e-8ac8700fd5eb (claude-haiku-4-5-20251001)

[32] Thinking...
[33] ▶ Read  /private/var/folders/21/3gpj27c974j5vc436plct78w0000gn/T/coven-v...
[34] Thinking...

All tasks in TODO.md are already completed! Both items are checked:
- ✅ Create a hello.py that prints 'hi'
- ✅ Create a README.md with the title 'My Project'

There are no unchecked tasks to complete.


Done  $0.01 · 5.0s · 2 turns  (:N to view)
  Total cost: $0.11

--- Iteration 10 ---

Session 40b609b0-5915-4f75-bc0b-9bdfd3b0ec3a (claude-haiku-4-5-20251001)

[35] Thinking...
[36] ▶ Read  /private/var/folders/21/3gpj27c974j5vc436plct78w0000gn/T/coven-v...
[37] Thinking...

All tasks in TODO.md are already checked as complete:
- ✓ Create a hello.py that prints 'hi'
- ✓ Create a README.md with the title 'My Project'

There are no unchecked tasks to complete. Would you like me to add new tasks to the list, or would you like to verify that the existing tasks were properly completed?


Done  $0.01 · 7.3s · 2 turns  (:N to view)
  Total cost: $0.12

Reached iteration limit (10)
