---
source: tests/vcr_test.rs
expression: result.display
---
--- init ---
Created:
  .coven/agents/dispatch.md
  .coven/agents/main.md
  .coven/agents/review.md
  .coven/system.md
  .coven/config.toml
  .coven/land.sh
  board.md
  .gitignore (added scratch.md)
Skipped (already exist):
  brief.md

Add tasks to brief.md and commit. Run `coven worker` to start.
Workers will post questions to board.md — answer in brief.md.

--- worker ---
:N view message · type to steer · Alt+Enter follow up · Ctrl+W wait · Ctrl+D exit

Worker started: brave-brook-38 (/var/folders/21/3gpj27c974j5vc436plct78w0000gn/T/coven-vcr-ambiguous_task-worker-worktrees/coven-vcr-ambiguous_task/brave-brook-38)

=== Agent: dispatch ===

Session ede3516f-3356-4bbf-8b2d-42c6d9b935d2 (claude-haiku-4-5-20251001)

[1] Thinking...
[2] ▶ Read  /private/var/folders/21/3gpj27c974j5vc436plct78w0000gn/T/coven-vc...
[3] ▶ Read  /private/var/folders/21/3gpj27c974j5vc436plct78w0000gn/T/coven-vc...
[4] Thinking...
[5] ▶ Edit  (+4)  /private/var/folders/21/3gpj27c974j5vc436plct78w0000gn/T/co...
[6] Thinking...
[7] ▶ Bash  cd /private/var/folders/21/3gpj27c974j5vc436plct78w0000gn/T/coven...
[8] Thinking...
[9] ▶ Bash  bash .coven/land.sh
[10] Thinking...
**Sync complete.** One new task from brief:
- **P1: Add a caching layer to the application** — Performance concern

No blocked issues. Picking the ready P1 task.

<next>
agent: main
task: P1: Add a caching layer to the application
</next>


Done  $0.03 · 12.0s · 6 turns  (:N to view)
  Total cost: $0.03

Transition: main task=P1: Add a caching layer to the application

=== Agent: main ===

Session 2e763ade-38a4-4dc4-bc71-fa9c214ac79f (claude-haiku-4-5-20251001)

[11] Thinking...
I'll start by reviewing the board and understanding the current task.

[12] ▶ Read  /private/var/folders/21/3gpj27c974j5vc436plct78w0000gn/T/coven-v...
[13] ▶ Read  /private/var/folders/21/3gpj27c974j5vc436plct78w0000gn/T/coven-v...
[14] ▶ Read  /private/var/folders/21/3gpj27c974j5vc436plct78w0000gn/T/coven-v...
     ✗ Error: File does not exist.
[15] Thinking...
[16] ▶ Bash  find . -type f -name "*.md" | head -20
[17] Thinking...
[18] ▶ Bash  ls -la
[19] Thinking...
[20] ▶ Bash  find ./src -type f | head -20
[21] Thinking...
[22] ▶ Bash  find ./tests -type f
[23] Thinking...
[24] ▶ Read  /private/var/folders/21/3gpj27c974j5vc436plct78w0000gn/T/coven-v...
[25] ▶ Read  /private/var/folders/21/3gpj27c974j5vc436plct78w0000gn/T/coven-v...
[26] Thinking...
I've reviewed the codebase. The application is very simple - it just converts input text to uppercase. Before implementing a caching layer, I need to understand the requirements better, as there's some ambiguity here.

Let me update the board with my findings:

[27] ▶ Edit  (+11)  /private/var/folders/21/3gpj27c974j5vc436plct78w0000gn/T/...
[28] Thinking...
[29] ▶ Bash  cd /private/var/folders/21/3gpj27c974j5vc436plct78w0000gn/T/cove...
[30] Thinking...
[31] ▶ Bash  bash .coven/land.sh
[32] Thinking...
I've identified key ambiguities in the caching task and posted questions to the board. The application is very simple (just converts text to uppercase), so I need your clarification on:

1. **What to cache** - the process function? API calls? file I/O?
2. **Caching mechanism** - in-memory, functools.lru_cache, Redis, or something else?
3. **Performance baseline** - what are the actual bottlenecks?

The findings and questions are now on the board for your review.

<next>
agent: dispatch
</next>


Done  $0.05 · 27.6s · 13 turns  (:N to view)
  Total cost: $0.08

Transition: dispatch 

=== Agent: dispatch ===

Session 31df2c6c-4b2d-4a77-a31a-fef122fcfd24 (claude-haiku-4-5-20251001)

[33] Thinking...
I'll read the brief and board to sync work and pick a task.

[34] ▶ Read  /private/var/folders/21/3gpj27c974j5vc436plct78w0000gn/T/coven-v...
[35] ▶ Read  /private/var/folders/21/3gpj27c974j5vc436plct78w0000gn/T/coven-v...
[36] Thinking...
**Status:** Board already reflects the brief. The caching layer task is on the board under `# Blocked` with open questions from the previous session.

**Analysis:**
- 1 P1 issue is blocked (within throttle threshold)
- No issues under `# Ready`
- Previous session identified that the task needs clarification on: what specifically to cache, which mechanism to use, and whether performance metrics exist

**Decision:** No actionable work. The task is blocked pending human answers to fundamental design questions. Sleeping.

<next>
sleep: true
</next>


Done  $0.02 · 10.0s · 3 turns  (:N to view)
  Total cost: $0.09

Transition: sleep — waiting for new commits...

Removing worktree...
