---
source: tests/vcr_test.rs
expression: views
---
:Thinking  [1] Thinking

The user wants me to list files in the current directory. I should use the Bash tool to do this, specifically with the `ls` command. Let me list the files.

--- :next ---

:Bash  [2] Bash

$ ls -la

--- Result ---

total 0
drwxr-xr-x@   4 yoav  staff    128 Feb 11 09:11 .
drwx------@ 344 yoav  staff  11008 Feb 11 09:11 ..
drwxr-xr-x@   4 yoav  staff    128 Feb 11 09:11 .claude
drwxr-xr-x@  12 yoav  staff    384 Feb 11 09:11 .git
