---
source: tests/vcr_test.rs
expression: views
---
:Thinking  [1] Thinking

The user is asking me to list files in the current directory. I should use the Bash tool to do this, as it's a terminal operation. I'll use `ls -la` to show all files with details.

Actually, looking at the tools available, I could use Bash to run `ls`. Let me do that.

--- :next ---

:Bash  [2] Bash

$ ls -la

--- Result ---

total 0
drwxr-xr-x@   4 yoav  staff    128 Feb 11 15:23 .
drwx------@ 375 yoav  staff  12000 Feb 11 15:24 ..
drwxr-xr-x@   4 yoav  staff    128 Feb 11 15:23 .claude
drwxr-xr-x@  12 yoav  staff    384 Feb 11 15:23 .git
