---
source: tests/vcr_test.rs
expression: result.display
---
:N view message · type to steer · Alt+Enter follow up · Ctrl+D exit
Session a7c250a9-841c-4c01-acf7-14df3427a31f (claude-haiku-4-5-20251001)

[1] Thinking...
[2] ▶ Bash  ls -la
[3] Thinking...
The current directory contains:
- `.claude/` - Configuration directory
- `.git/` - Git repository directory

The rest of the directory appears to be empty. Would you like me to explore the contents of these directories or perform a specific task?


Done  $0.03 · 37.0s · 2 turns  (:N to view)
>
