---
source: tests/vcr_test.rs
expression: result.display
---
:N view message · type to steer · Alt+Enter follow up · Ctrl+W wait · Ctrl+D exit
Session 5900f551-a131-45dd-9e61-1d892f38d0ed (claude-haiku-4-5-20251001)

[1] Thinking...
[2] ▶ Bash  ls -la
[3] Thinking...
The current directory is empty except for the `.git` folder (the git repository). There are no other files or subdirectories.


Done  $0.01 · 4.6s · 2 turns  (:N to view)
>
