---
source: tests/vcr_test.rs
expression: result.display
---
:N view message · type to steer · Alt+Enter follow up · Ctrl+D exit
Session d21d8c44-4ade-473e-b731-a3a74ff51cb0 (claude-haiku-4-5-20251001)

[1] Thinking...
[2] ▶ Task  Read README.md and nonexistent.txt in parallel
  [2/1] ▶ Read  /private/var/folders/21/3gpj27c974j5vc436plct78w0000gn/T/cove...
  [2/2] ▶ Read  /private/var/folders/21/3gpj27c974j5vc436plct78w0000gn/T/cove...
        ✗ File does not exist.
[3] Thinking...
Done! The subagent successfully executed parallel Read tool calls for both files. README.md was found and contains "# Test Project\n\nA minimal project for testing.", while nonexistent.txt doesn't exist and returned an error as expected.


Done  $0.02 · 12.7s · 2 turns  (:N to view)
>
