---
source: tests/vcr_test.rs
expression: result.display
---
--- init ---
Created:
  .coven/agents/dispatch.md
  .coven/agents/plan.md
  .coven/agents/implement.md
  .coven/agents/land.md
  .coven/workflow.md
  .coven/land.sh
  review/
Skipped (already exist):
  issues/

Add a reference to .coven/workflow.md in CLAUDE.md? [Y/n] Created CLAUDE.md with workflow reference.

--- worker ---
:N view message · type to steer · Alt+Enter follow up · Ctrl+D exit

Worker started: sharp-pine-69 (/var/folders/21/3gpj27c974j5vc436plct78w0000gn/T/coven-vcr-needs_replan-worker-worktrees/coven-vcr-needs_replan/sharp-pine-69)

=== Agent: dispatch ===

Session 9472f13c-2b82-4a0b-aec5-8e4e744e9df9 (claude-haiku-4-5-20251001)

[1] Thinking...
[2] ▶ Bash  head -7 issues/*.md review/*.md 2>/dev/null || true
[3] Thinking...
[4] ▶ Bash  ls -la issues/ 2>/dev/null || echo "No issues directory"
[5] Thinking...
[6] ▶ Read  /private/var/folders/21/3gpj27c974j5vc436plct78w0000gn/T/coven-vc...
[7] Thinking...
[8] ▶ Bash  git status --short
[9] Thinking...
[10] ▶ Bash  git log --oneline main..HEAD 2>/dev/null | wc -l
[11] Thinking...
The worktree is clean and not ahead of main. There's one issue in `approved` state with a plan ready for implementation:

**Issue: add-validation.md** (P1, approved)
- Add input validation to processor

Routing to the `implement` agent to execute the planned changes.

<next>
agent: implement
issue: issues/add-validation.md
</next>


Done  $0.05 · 22.7s · 6 turns  (:N to view)
  Total cost: $0.05

Transition: implement issue=issues/add-validation.md

=== Agent: implement ===

Session 8ba04c2b-a8cc-4e3d-9f55-1822d9b1798d (claude-haiku-4-5-20251001)

[12] Thinking...
I'll help you implement the plan from the issue. Let me start by reading the issue file.

[13] ▶ Read  /private/var/folders/21/3gpj27c974j5vc436plct78w0000gn/T/coven-v...
[14] Thinking...
[15] ▶ Read  /private/var/folders/21/3gpj27c974j5vc436plct78w0000gn/T/coven-v...
     ✗ Error: File does not exist.
     ✗ Sibling tool call errored
[16] ▶ Read  /private/var/folders/21/3gpj27c974j5vc436plct78w0000gn/T/coven-v...
[17] Thinking...
[18] ▶ Bash  find /private/var/folders/21/3gpj27c974j5vc436plct78w0000gn/T/co...
[19] Thinking...
[20] ▶ Bash  ls -la /private/var/folders/21/3gpj27c974j5vc436plct78w0000gn/T/...
[21] Thinking...
[22] ▶ Bash  ls -la /private/var/folders/21/3gpj27c974j5vc436plct78w0000gn/T/...
[23] Thinking...
[24] ▶ Read  /private/var/folders/21/3gpj27c974j5vc436plct78w0000gn/T/coven-v...
[25] ▶ Bash  find /private/var/folders/21/3gpj27c974j5vc436plct78w0000gn/T/co...
[26] Thinking...
I can see that the plan references files that don't exist in the codebase. The plan asks to modify `src/processor.py` and `tests/test_processor.py`, but the codebase only contains `src/app.py`. 

Let me mark this issue as needing replan and add implementation notes:

[27] ▶ Edit  (+15)  /private/var/folders/21/3gpj27c974j5vc436plct78w0000gn/T/...
[28] Thinking...
Now let me commit these changes:

[29] ▶ Bash  cd /private/var/folders/21/3gpj27c974j5vc436plct78w0000gn/T/cove...
     ✗ Error: Command contains ambiguous syntax with command separators that ...
[30] Thinking...
[31] ▶ Bash  cd /private/var/folders/21/3gpj27c974j5vc436plct78w0000gn/T/cove...
     ✗ Error: Command contains ambiguous syntax with command separators that ...
[32] Thinking...
[33] ▶ Bash  cd /private/var/folders/21/3gpj27c974j5vc436plct78w0000gn/T/cove...
[34] Thinking...
[35] ▶ Bash  cd /private/var/folders/21/3gpj27c974j5vc436plct78w0000gn/T/cove...
[36] Thinking...
I've identified a critical issue with the plan: it references files that don't exist in the codebase. The plan asks to modify `src/processor.py` and `tests/test_processor.py`, but the codebase only contains `src/app.py`.

I've updated the issue to mark it as `needs-replan` and added implementation notes explaining the blocker. The commit has been made and I'm handing off to the dispatch agent.

<next>
agent: dispatch
</next>


Done  $0.08 · 40.3s · 14 turns  (:N to view)
  Total cost: $0.13

Transition: dispatch 

=== Agent: dispatch ===

Session 33b90c3d-1cdb-4aaf-9607-fa0038a70016 (claude-haiku-4-5-20251001)

[37] Thinking...
I'll check the current state of issues and the worktree to decide what to work on next.

[38] ▶ Bash  head -7 issues/*.md review/*.md 2>/dev/null || true
[39] ▶ Bash  git status --short
[40] ▶ Bash  git log --oneline main..HEAD
[41] Thinking...
[42] ▶ Bash  ls -la issues/
[43] Thinking...
[44] ▶ Read  /private/var/folders/21/3gpj27c974j5vc436plct78w0000gn/T/coven-v...
[45] Thinking...
## Analysis

**Issues Found:**
- `add-validation.md` (P1, state: `needs-replan`)
  - Implementation failed because the plan references non-existent files that don't match the actual codebase
  - Needs replanning to target the correct structure

**Worktree State:**
- Ahead of main by 1 commit: "Mark add-validation as needs-replan"
- No uncommitted changes

## Dispatch Decision

The worktree is ahead of main, so I'm routing to the **land** agent first to land the current changes. Then the plan agent can pick up the `needs-replan` issue to revise the plan based on the actual codebase.

<next>
agent: land
issue: issues/add-validation.md
</next>


Done  $0.03 · 12.8s · 6 turns  (:N to view)
  Total cost: $0.15

Transition: land issue=issues/add-validation.md

=== Agent: land ===

Session de334ccb-cce5-413e-af9a-407861f2ae73 (claude-haiku-4-5-20251001)

[46] Thinking...
I'll land the changes on main by reviewing the commits and diff, then running the land script.

[47] ▶ Bash  git log --oneline main..HEAD
[48] ▶ Bash  git diff main...HEAD
[49] Thinking...
The branch has one commit that marks the `add-validation` issue as `needs-replan` with implementation notes explaining that the plan references non-existent files. This is a valid status update from the implement agent. Let me land this change.

[50] ▶ Bash  bash .coven/land.sh
[51] Thinking...
Success! The changes have been landed on main. The issue `add-validation` has been marked as `needs-replan` with clear implementation notes about the blockers (referenced files don't exist in the codebase).

<next>
agent: dispatch
</next>


Done  $0.02 · 13.5s · 4 turns  (:N to view)
  Total cost: $0.18

Transition: dispatch 

=== Agent: dispatch ===

Session bb5e633a-fa3d-4168-80f9-d2dc07acee0f (claude-haiku-4-5-20251001)

[52] Thinking...
I'll check the current state of issues and the worktree to decide what to work on next.

[53] ▶ Bash  cd /private/var/folders/21/3gpj27c974j5vc436plct78w0000gn/T/cove...
[54] Thinking...
[55] ▶ Bash  head -7 issues/*.md 2>/dev/null || true
[56] Thinking...
[57] ▶ Bash  git log --oneline main..HEAD 2>/dev/null | wc -l
[58] Thinking...
## Summary

I found one issue in the queue:

- **Add input validation to processor** — State: `needs-replan`, Priority: P1

The worktree is clean and not ahead of main, so no landing needed.

## Routing

The issue has `state: needs-replan`, which means the previous implementation attempt failed and the plan needs revision. I'll route this to the **plan** agent to assess what went wrong and write a revised plan.

<next>
agent: plan
issue: issues/add-validation.md
</next>


Done  $0.02 · 16.4s · 4 turns  (:N to view)
  Total cost: $0.19

Transition: plan issue=issues/add-validation.md

=== Agent: plan ===

Session 79d22fa4-69b4-4e81-86d5-2d35f2b8fc09 (claude-haiku-4-5-20251001)

[59] Thinking...
I'll help you write an implementation plan for the add-validation issue. Let me start by reading the issue file and exploring the codebase.

[60] ▶ Read  /private/var/folders/21/3gpj27c974j5vc436plct78w0000gn/T/coven-v...
[61] Thinking...
[62] ▶ Glob  **/*.py
[63] ▶ Glob  src/**
[64] ▶ Glob  tests/**
[65] Thinking...
[66] ▶ Read  /private/var/folders/21/3gpj27c974j5vc436plct78w0000gn/T/coven-v...
[67] Thinking...
[68] ▶ Glob  *.md
[69] ▶ Glob  README*
[70] Thinking...
Now I understand the issue. The previous plan referenced non-existent files and line numbers. Let me write a realistic plan based on the actual codebase structure.

[71] ▶ Edit  (-1)  /private/var/folders/21/3gpj27c974j5vc436plct78w0000gn/T/c...
[72] Thinking...
[73] ▶ Edit  /private/var/folders/21/3gpj27c974j5vc436plct78w0000gn/T/coven-v...
[74] Thinking...
[75] ▶ Bash  mv /private/var/folders/21/3gpj27c974j5vc436plct78w0000gn/T/cove...
[76] ▶ Bash  cd /private/var/folders/21/3gpj27c974j5vc436plct78w0000gn/T/cove...
[77] Thinking...
[78] ▶ Bash  cd /private/var/folders/21/3gpj27c974j5vc436plct78w0000gn/T/cove...
[79] Thinking...
Perfect! I've successfully written a revised implementation plan for the add-validation issue. Here's what I did:

## Summary

The previous plan was invalid—it referenced non-existent files (`src/processor.py`, `tests/test_processor.py`) and incorrect line numbers. I've now written a realistic plan that works with the actual codebase:

### New Plan
1. **Add input validation to `src/app.py`** — Validate that `name` is a non-empty string in the `greet()` function
2. **Create comprehensive tests in `tests/test_app.py`** — Test valid inputs, invalid types, empty strings, and error messages
3. **Handle edge cases** — Strip whitespace and validate after stripping

The plan is now in `review/` waiting for human approval, and all changes have been landed on main.

<next>
agent: dispatch
</next>


Done  $0.05 · 38.0s · 13 turns  (:N to view)
  Total cost: $0.25

Transition: dispatch 

=== Agent: dispatch ===

Session 09408d09-213c-458b-9d86-3178caa2a0c1 (claude-haiku-4-5-20251001)

[80] Thinking...
I'll check the current state of issues to determine what work should be done next.

[81] ▶ Bash  head -7 issues/*.md review/*.md 2>/dev/null || true
[82] Thinking...
Let me check what directories and files exist in the project:

[83] ▶ Bash  ls -la
[84] Thinking...
[85] ▶ Bash  ls -la issues/ && echo "---" && ls -la review/
     ✗ Error: Command contains quoted characters in flag names
[86] Thinking...
[87] ▶ Bash  find issues -type f -name "*.md" && find review -type f -name "*...
[88] Thinking...
Let me check the issue in the review directory:

[89] ▶ Read  /private/var/folders/21/3gpj27c974j5vc436plct78w0000gn/T/coven-v...
[90] Thinking...
Let me check the git status to see if the worktree is dirty or ahead of main:

[91] ▶ Bash  git status
[92] Thinking...
[93] ▶ Bash  ls -la issues/
[94] Thinking...
## Analysis

Current state:
- **Worktree**: Clean, not ahead of main
- **Issues**: 
  - `review/add-validation.md` (P1, state: review) — waiting for human review
- **No plannable issues**: The only issue is in `review` state, which means it's awaiting human approval/feedback and should not be assigned to another agent
- **No implementable issues**: No approved issues available

According to the dispatch rules, I should not assign work that's in review state. Since there are no new, changes-requested, needs-replan, or approved issues to work on, the appropriate action is to sleep and wait for human action on the review item or new commits on main.

<next>
sleep: true
</next>


Done  $0.04 · 23.9s · 8 turns  (:N to view)
  Total cost: $0.29

Transition: sleep — waiting for new commits...

Removing worktree...
