---
source: tests/vcr_test.rs
expression: result.display
---
--- init ---
Created:
  .coven/agents/dispatch.md
  .coven/agents/plan.md
  .coven/agents/implement.md
  .coven/agents/land.md
  .coven/workflow.md
  review/
Skipped (already exist):
  issues/

Add a reference to .coven/workflow.md in CLAUDE.md? [Y/n] Created CLAUDE.md with workflow reference.

--- worker ---
:N view message · type to steer · Alt+Enter follow up · Ctrl+D exit

Worker started: clever-meteor-86 (/var/folders/21/3gpj27c974j5vc436plct78w0000gn/T/coven-vcr-needs_replan-worker-worktrees/coven-vcr-needs_replan/clever-meteor-86)

=== Agent: dispatch ===

Session 260cd510-1036-41c3-afc8-69afcbf98c4e (claude-haiku-4-5-20251001)

[1] Thinking...
I'll check the current state of issues and the worktree, then route to the appropriate agent.

[2] ▶ Bash  head -7 issues/*.md review/*.md 2>/dev/null || true
[3] ▶ Bash  git status
[4] ▶ Bash  git log --oneline main..HEAD
    ✗ Error: This Bash command contains multiple operations. The following pa...
    ✗ Sibling tool call errored
    ✗ Sibling tool call errored
[5] Thinking...
[6] ▶ Bash  ls -la issues/ review/ 2>/dev/null || echo "No issues or review d...
[7] Thinking...
[8] ▶ Read  /private/var/folders/21/3gpj27c974j5vc436plct78w0000gn/T/coven-vc...
[9] Thinking...
**Current Status:**
- Worktree is clean
- 1 issue found: `issues/add-validation.md`
- State: `approved` → Ready for implementation
- Priority: `P1`

**Routing Decision:**
The issue "Add input validation to processor" is in `approved` state with a clear implementation plan. The worktree is clean, so I'm routing this to the `implement` agent to execute the approved plan.

<next>
agent: implement
issue: issues/add-validation.md
</next>


Done  $0.03 · 13.6s · 6 turns  (:N to view)
  Total cost: $0.03

Transition: implement issue=issues/add-validation.md

=== Agent: implement ===

Session f4781c15-7735-4921-91b5-10b595840e79 (claude-haiku-4-5-20251001)

[10] Thinking...
I'll implement the plan from the issue file. Let me start by reading it.

[11] ▶ Read  /private/var/folders/21/3gpj27c974j5vc436plct78w0000gn/T/coven-v...
[12] Thinking...
Now let me examine the current code structure to understand what needs to be modified.

[13] ▶ Read  /private/var/folders/21/3gpj27c974j5vc436plct78w0000gn/T/coven-v...
     ✗ Error: File does not exist.
     ✗ Sibling tool call errored
[14] ▶ Read  /private/var/folders/21/3gpj27c974j5vc436plct78w0000gn/T/coven-v...
[15] Thinking...
Let me explore the project structure first:

[16] ▶ Bash  find /private/var/folders/21/3gpj27c974j5vc436plct78w0000gn/T/co...
[17] Thinking...
Let me check the full directory structure:

[18] ▶ Bash  ls -la /private/var/folders/21/3gpj27c974j5vc436plct78w0000gn/T/...
[19] Thinking...
Let me look at the src and tests directories more carefully:

[20] ▶ Bash  find /private/var/folders/21/3gpj27c974j5vc436plct78w0000gn/T/co...
[21] Thinking...
Let me read the existing Python file:

[22] ▶ Read  /private/var/folders/21/3gpj27c974j5vc436plct78w0000gn/T/coven-v...
[23] Thinking...
I've encountered a blocker. The plan references `src/processor.py` with specific functions and line numbers, but the actual codebase only contains `src/app.py` which is a simple greeting function. The plan doesn't match the actual code structure.

Let me update the issue file to mark it as needing replan:

[24] ▶ Edit  (+16)  /private/var/folders/21/3gpj27c974j5vc436plct78w0000gn/T/...
[25] Thinking...
Now let me commit this updated issue:

[26] ▶ Bash  cd /private/var/folders/21/3gpj27c974j5vc436plct78w0000gn/T/cove...
[27] Thinking...
The plan for this issue references source files and functions that don't exist in the actual codebase. I've updated the issue to `needs-replan` status with detailed notes about the mismatch. The dispatcher agent should now pick this up for replanning.

<next>
agent: dispatch
worker_status: Implementation blocked due to plan/codebase mismatch. Issue moved to needs-replan state with detailed notes.
</next>


Done  $0.05 · 30.8s · 10 turns  (:N to view)
  Total cost: $0.08

Transition: dispatch worker_status=Implementation blocked due to plan/codebase mismatch. Issue moved to needs-replan state with detailed notes.

=== Agent: dispatch ===

Session b27fa354-7e85-429c-9627-7c3d3257b286 (claude-haiku-4-5-20251001)

[28] Thinking...
I'll check the current state of issues to route work appropriately.

[29] ▶ Bash  head -7 issues/*.md review/*.md 2>/dev/null || true
     ✗ Error: This Bash command contains multiple operations. The following p...
[30] Thinking...
[31] ▶ Glob  issues/*.md
[32] ▶ Glob  review/*.md
[33] Thinking...
[34] ▶ Read  /private/var/folders/21/3gpj27c974j5vc436plct78w0000gn/T/coven-v...
[35] Thinking...
## Reasoning

There's one issue in the queue: `add-validation.md` with state `needs-replan` and priority `P1`. The implementation previously failed because the plan referenced source files that don't exist in the actual codebase (expected `src/processor.py` with database operations, but found only `src/app.py` with a simple greeting function).

The worktree is clean with no uncommitted changes. No items are in review. According to the routing rules, `needs-replan` issues go to the plan agent for revision.

<next>
agent: plan
issue: issues/add-validation.md
</next>


Done  $0.03 · 13.4s · 5 turns  (:N to view)
  Total cost: $0.10

Transition: plan issue=issues/add-validation.md

=== Agent: plan ===

Session 5878c24c-5f7f-4c39-9351-cf3128a93959 (claude-haiku-4-5-20251001)

[36] Thinking...
I'll help you plan the implementation for the add-validation issue. Let me start by reading the issue file.

[37] ▶ Read  /private/var/folders/21/3gpj27c974j5vc436plct78w0000gn/T/coven-v...
[38] Thinking...
I can see this is a `needs-replan` issue where the previous plan didn't match the actual codebase. Let me explore the current project structure to write an accurate plan.

[39] ▶ Bash  find /private/var/folders/21/3gpj27c974j5vc436plct78w0000gn/T/co...
[40] Thinking...
[41] ▶ Read  /private/var/folders/21/3gpj27c974j5vc436plct78w0000gn/T/coven-v...
[42] Thinking...
[43] ▶ Glob  **/{test*,*test}*.py
[44] Thinking...
[45] ▶ Glob  **/{requirements,setup,pyproject,Makefile}*
[46] Thinking...
Now I understand the issue. The previous plan referenced non-existent files (`processor.py`, `test_processor.py`), but the actual codebase only has a simple `greet()` function in `src/app.py`. 

Let me write a revised plan that matches the actual codebase. I'll also add clarifying questions since the issue title mentions "processor" but there's only a simple greeting function.

[47] ▶ Edit  (+6)  /private/var/folders/21/3gpj27c974j5vc436plct78w0000gn/T/c...
[48] Thinking...
[49] ▶ Edit  /private/var/folders/21/3gpj27c974j5vc436plct78w0000gn/T/coven-v...
[50] Thinking...
[51] ▶ Bash  mv /private/var/folders/21/3gpj27c974j5vc436plct78w0000gn/T/cove...
[52] Thinking...
[53] ▶ Bash  cd /private/var/folders/21/3gpj27c974j5vc436plct78w0000gn/T/cove...
[54] Thinking...
[55] ▶ Bash  git add issues/add-validation.md && git commit -m "Plan: revise ...
[56] Thinking...
Perfect! I've completed the planning phase for the add-validation issue. Here's what I did:

## Summary

**Issue**: The previous plan referenced non-existent files (`processor.py`, `test_processor.py`) that don't exist in the actual codebase.

**Revised Plan**: 
- Add input validation to the existing `greet()` function in `src/app.py`
- Create tests in a new `tests/test_app.py` file
- Validate that the `name` parameter is a non-empty string

**Clarifying Questions Added**:
- What's the scope of validation? (type check only, or also character validation?)
- What error type should be raised for invalid input?
- Which test framework? (unittest vs pytest)
- Are there other functions to validate?

**Changes Made**:
- ✅ Updated plan section with concrete, implementable steps
- ✅ Added questions section for ambiguous decisions
- ✅ Moved issue from `issues/` to `review/` with state set to `review`
- ✅ Committed the revised plan

The issue is now ready for human review before implementation begins.

<next>
agent: dispatch
worker_status: Plan agent finished revising add-validation issue and moved it to review/ for human approval
</next>


Done  $0.06 · 40.6s · 11 turns  (:N to view)
  Total cost: $0.17

Transition: dispatch worker_status=Plan agent finished revising add-validation issue and moved it to review/ for human approval

=== Agent: dispatch ===

Session 6f272499-682b-4abc-b32c-779c137258b0 (claude-haiku-4-5-20251001)

[57] Thinking...
[58] ▶ Bash  head -7 issues/*.md review/*.md 2>/dev/null || true
     ✗ Error: This Bash command contains multiple operations. The following p...
[59] Thinking...
[60] ▶ Glob  issues/*.md
[61] ▶ Glob  review/*.md
[62] Thinking...
[63] ▶ Read  /private/var/folders/21/3gpj27c974j5vc436plct78w0000gn/T/coven-v...
[64] Thinking...
[65] ▶ Bash  git status
[66] Thinking...
[67] ▶ Bash  git log --oneline -3
[68] Thinking...
[69] ▶ Bash  git log main --oneline -3
[70] Thinking...
## Analysis

The worktree is **ahead of main** by 2 commits:
- `aa77b70` Plan: revise add-validation issue to match actual codebase
- `372f7be` Mark add-validation as needs-replan due to missing source files

The only issue is in `review/` state waiting for human approval. Since the worktree has commits not yet on main, I should route to the land agent to merge these changes back.

<next>
agent: land
</next>


Done  $0.04 · 17.0s · 8 turns  (:N to view)
  Total cost: $0.21

Transition: land 

=== Agent: land ===

Session ede5de1c-a09c-4c39-854a-63f22afca84c (claude-haiku-4-5-20251001)

[71] Thinking...
I'll review the current branch's changes and land them on main. Let me start by examining the commits and diff.

[72] ▶ Bash  git log --oneline main..HEAD
[73] ▶ Bash  git diff main...HEAD
[74] Thinking...
[75] ▶ Bash  git status
[76] Thinking...
The worktree is clean and the changes look good. The plan agent has revised the add-validation issue plan to match the actual codebase. The old approved plan was deleted and a new revised plan has been created in the review directory. Let me land these changes.

[77] ▶ Bash  git rebase main
[78] Thinking...
[79] ▶ Bash  git checkout main && git merge --ff-only clever-meteor-86
     ✗ Error: Exit code 128
[80] Thinking...
[81] ▶ Bash  git branch -v
[82] Thinking...
[83] ▶ Bash  git switch main && git merge --ff-only clever-meteor-86
     ✗ Error: Exit code 128
[84] Thinking...
[85] ▶ Bash  git worktree list
[86] Thinking...
[87] ▶ Bash  git -C /private/var/folders/21/3gpj27c974j5vc436plct78w0000gn/T/...
[88] Thinking...
Perfect! The merge succeeded. Let me verify the current state and ensure everything is clean:

[89] ▶ Bash  git -C /private/var/folders/21/3gpj27c974j5vc436plct78w0000gn/T/...
[90] ▶ Bash  git status
[91] Thinking...
Excellent! The changes have been successfully landed on main. Here's a summary:

**Changes Landed:**
- Deleted the outdated approved plan from `issues/add-validation.md`
- Created a revised plan in `review/add-validation.md` with state: review

The revised plan now correctly addresses the actual codebase structure (a simple `greet(name)` function in `src/app.py`) instead of referencing non-existent files.

The worktree is clean and the changes are committed to main. Ready to hand off to the next phase of orchestration.

<next>
agent: dispatch
worker_status: Completed landing revised add-validation plan to main
</next>


Done  $0.06 · 38.0s · 12 turns  (:N to view)
  Total cost: $0.27

Transition: dispatch worker_status=Completed landing revised add-validation plan to main

=== Agent: dispatch ===

Session 13575b72-3405-4bd5-9c2c-0999e916867f (claude-haiku-4-5-20251001)

[92] Thinking...
I'll check the current state of issues and the worktree to decide what to work on next.

[93] ▶ Bash  head -7 issues/*.md review/*.md 2>/dev/null || true
     ✗ Error: This Bash command contains multiple operations. The following p...
[94] Thinking...
[95] ▶ Glob  issues/*.md
[96] ▶ Glob  review/*.md
[97] Thinking...
[98] ▶ Read  /private/var/folders/21/3gpj27c974j5vc436plct78w0000gn/T/coven-v...
[99] Thinking...
[100] ▶ Bash  git status --short && git log --oneline main..HEAD 2>/dev/null ...
[101] Thinking...
## Reasoning

Current state:
- **Worktree**: Clean and synced with main (no outstanding changes)
- **Issues**: 1 issue in `review/` state (`add-validation.md`), 0 issues in `issues/`
- **Review queue**: The add-validation plan is awaiting human review

According to the routing rules:
- Issues in `review/` state should not be assigned — they await human review
- No `new`, `changes-requested`, `needs-replan`, or `approved` issues to work on
- With nothing plannable or implementable, the worker should sleep

The add-validation plan was recently revised and landed to main. It's now in the human review queue and needs approval before implementation can begin.

<next>
sleep: true
</next>


Done  $0.03 · 16.4s · 6 turns  (:N to view)
  Total cost: $0.30

Transition: sleep — waiting for new commits...

Removing worktree...
